MPLINK 5.00, LINKER
Linker Map File - Created Wed Jan 05 17:40:42 2022

                                 Section Info
                  Section       Type    Address   Location Size(Bytes)
                ---------  ---------  ---------  ---------  ---------
               _entry_scn       code   0x000000    program   0x000006
       .code__user_putc.o       code   0x000006    program   0x000002
      InterruptVectorHigh       code   0x000008    program   0x000006
           .code___init.o       code   0x00000e    program   0x000002
     .idata_interrupt.o_i    romdata   0x000010    program   0x000004
         .idata_c018i.o_i    romdata   0x000014    program   0x000000
            .code_c018i.o       code   0x000014    program   0x000000
    .idata__user_putc.o_i    romdata   0x000014    program   0x000000
        .idata___init.o_i    romdata   0x000014    program   0x000000
       .idata_fxm3232.o_i    romdata   0x000014    program   0x000000
      .idata_fxd3232u.o_i    romdata   0x000014    program   0x000000
      .idata_fxd2424u.o_i    romdata   0x000014    program   0x000000
      .idata_fxd1616u.o_i    romdata   0x000014    program   0x000000
      .idata_fxd0808u.o_i    romdata   0x000014    program   0x000000
       InterruptVectorLow       code   0x000018    program   0x000006
                   .cinit    romdata   0x00001e    program   0x00004a
             .code_main.o       code   0x000068    program   0x002a36
         .code_vfprintf.o       code   0x002a9e    program   0x000c22
              .code_lcd.o       code   0x0036c0    program   0x000ac4
            .code_timer.o       code   0x004184    program   0x000522
           .code_button.o       code   0x0046a6    program   0x000498
             .stringtable    romdata   0x004b3e    program   0x0002a3
      .romdata_fxd0808u.o    romdata   0x004de1    program   0x000000
      .romdata_fxd1616u.o    romdata   0x004de1    program   0x000000
           .romdata_lcd.o    romdata   0x004de1    program   0x000000
      .romdata_fxd2424u.o    romdata   0x004de1    program   0x000000
      .romdata_fxd3232u.o    romdata   0x004de1    program   0x000000
       .romdata_fxm3232.o    romdata   0x004de1    program   0x000000
        .romdata_button.o    romdata   0x004de1    program   0x000000
        .romdata___init.o    romdata   0x004de1    program   0x000000
       .idata_sprintf.o_i    romdata   0x004de1    program   0x000000
       .romdata_sprintf.o    romdata   0x004de1    program   0x000000
      .idata_vfprintf.o_i    romdata   0x004de1    program   0x000000
          .idata_putc.o_i    romdata   0x004de1    program   0x000000
          .romdata_main.o    romdata   0x004de1    program   0x000000
          .romdata_putc.o    romdata   0x004de1    program   0x000000
           .romdata_i2c.o    romdata   0x004de1    program   0x000000
           .idata_i2c.o_i    romdata   0x004de1    program   0x000001
         .romdata_timer.o    romdata   0x004de1    program   0x000000
    .romdata__user_putc.o    romdata   0x004de1    program   0x000000
     .romdata_interrupt.o    romdata   0x004de1    program   0x000000
         .romdata_c018i.o    romdata   0x004de1    program   0x000000
              .code_i2c.o       code   0x004de2    program   0x000240
        .code_interrupt.o       code   0x005022    program   0x0001c4
                     PROG       code   0x0051e6    program   0x000134
          .code_sprintf.o       code   0x00531a    program   0x0000ac
               _cinit_scn       code   0x0053c6    program   0x00009e
             .code_putc.o       code   0x005464    program   0x000084
          .code_fxm3232.o       code   0x0054e8    program   0x000070
                   STRING       code   0x005558    program   0x000066
         .code_fxd3232u.o       code   0x0055be    program   0x000048
         .code_fxd2424u.o       code   0x005606    program   0x00003a
         .code_fxd1616u.o       code   0x005640    program   0x00002c
                    CTYPE       code   0x00566c    program   0x000024
                    .code       code   0x005690    program   0x000020
             _startup_scn       code   0x0056b0    program   0x00001c
                    STDIO       code   0x0056cc    program   0x00001c
         .code_fxd0808u.o       code   0x0056e8    program   0x00001c
      .romdata_vfprintf.o    romdata   0x005704    program   0x000011
         .idata_timer.o_i    romdata   0x005715    program   0x000023
          .idata_main.o_i    romdata   0x005738    program   0x00002c
           .idata_lcd.o_i    romdata   0x005764    program   0x000021
        .idata_button.o_i    romdata   0x005785    program   0x000028
    .config_300001_main.o    romdata   0x300001    program   0x000001
    .config_300002_main.o    romdata   0x300002    program   0x000001
    .config_300003_main.o    romdata   0x300003    program   0x000001
    .config_300005_main.o    romdata   0x300005    program   0x000001
    .config_300006_main.o    romdata   0x300006    program   0x000001
    .config_300008_main.o    romdata   0x300008    program   0x000001
    .config_300009_main.o    romdata   0x300009    program   0x000001
    .config_30000a_main.o    romdata   0x30000a    program   0x000001
    .config_30000b_main.o    romdata   0x30000b    program   0x000001
    .config_30000c_main.o    romdata   0x30000c    program   0x000001
    .config_30000d_main.o    romdata   0x30000d    program   0x000001
                MATH_DATA      udata   0x000000       data   0x000014
                 .tmpdata      udata   0x000014       data   0x00000a
            .idata_main.o      idata   0x000080       data   0x00002c
          .idata_button.o      idata   0x0000ac       data   0x000028
           .idata_timer.o      idata   0x0000d4       data   0x000023
             .udata_lcd.o      udata   0x0000f7       data   0x000004
       .idata_interrupt.o      idata   0x0000fb       data   0x000004
             .idata_i2c.o      idata   0x0000ff       data   0x000001
                   .stack      udata   0x000e00       data   0x000100
             .idata_lcd.o      idata   0x000f00       data   0x000021
           .udata_c018i.o      udata   0x000f21       data   0x00000a
      .idata__user_putc.o      idata   0x000f2b       data   0x000000
      .udata__user_putc.o      udata   0x000f2b       data   0x000000
            .idata_putc.o      idata   0x000f2b       data   0x000000
            .udata_putc.o      udata   0x000f2b       data   0x000000
        .idata_vfprintf.o      idata   0x000f2b       data   0x000000
        .udata_vfprintf.o      udata   0x000f2b       data   0x000000
         .idata_sprintf.o      idata   0x000f2b       data   0x000000
         .udata_sprintf.o      udata   0x000f2b       data   0x000000
          .idata___init.o      idata   0x000f2b       data   0x000000
          .udata___init.o      udata   0x000f2b       data   0x000000
         .idata_fxm3232.o      idata   0x000f2b       data   0x000000
         .udata_fxm3232.o      udata   0x000f2b       data   0x000000
        .idata_fxd3232u.o      idata   0x000f2b       data   0x000000
        .udata_fxd3232u.o      udata   0x000f2b       data   0x000000
        .idata_fxd2424u.o      idata   0x000f2b       data   0x000000
        .udata_fxd2424u.o      udata   0x000f2b       data   0x000000
        .idata_fxd1616u.o      idata   0x000f2b       data   0x000000
        .udata_fxd1616u.o      udata   0x000f2b       data   0x000000
        .idata_fxd0808u.o      idata   0x000f2b       data   0x000000
        .udata_fxd0808u.o      udata   0x000f2b       data   0x000000
           .idata_c018i.o      idata   0x000f2b       data   0x000000
            .udata_main.o      udata   0x000f2b       data   0x000000
          .udata_button.o      udata   0x000f2b       data   0x000000
             .udata_i2c.o      udata   0x000f2b       data   0x000000
           .udata_timer.o      udata   0x000f2b       data   0x000000
       .udata_interrupt.o      udata   0x000f2b       data   0x000000
            SFR_UNBANKED0      udata   0x000f80       data   0x000080



                              Program Memory Usage 
                               Start         End      
                           ---------   ---------      
                            0x000000    0x000013      
                            0x000018    0x0057ac      
                            0x300001    0x300003      
                            0x300005    0x300006      
                            0x300008    0x30000d      
            22452 out of 66584 program addresses used, program memory utilization is 33%



                              Symbols - Sorted by Name
                     Name    Address   Location    Storage File                     
                ---------  ---------  ---------  --------- ---------                
                    Alarm   0x00188e    program     extern D:\Downloads\Compressed\DO_AN_TKLL\main.c
                  BCD2Dec   0x004de2    program     extern D:\Downloads\Compressed\DO_AN_TKLL\i2c\i2c.c
                    CLOCK   0x000702    program     extern D:\Downloads\Compressed\DO_AN_TKLL\main.c
                CompareCD   0x001ea8    program     extern D:\Downloads\Compressed\DO_AN_TKLL\main.c
              CompareTime   0x001874    program     extern D:\Downloads\Compressed\DO_AN_TKLL\main.c
                ControlSW   0x000914    program     extern D:\Downloads\Compressed\DO_AN_TKLL\main.c
                Countdown   0x001dbe    program     extern D:\Downloads\Compressed\DO_AN_TKLL\main.c
                   D0808S   0x0051fc    program     static E:\3.46\pic18-lt\cxx-framework\src\traditional\math\fxd0808s.asm
                D0808SNEG   0x00520a    program     static E:\3.46\pic18-lt\cxx-framework\src\traditional\math\fxd0808s.asm
                 D0808SOK   0x005206    program     static E:\3.46\pic18-lt\cxx-framework\src\traditional\math\fxd0808s.asm
                  D0808SX   0x005210    program     static E:\3.46\pic18-lt\cxx-framework\src\traditional\math\fxd0808s.asm
                   D1616S   0x00523c    program     static E:\3.46\pic18-lt\cxx-framework\src\traditional\math\fxd1616s.asm
                D1616SNEG   0x00524a    program     static E:\3.46\pic18-lt\cxx-framework\src\traditional\math\fxd1616s.asm
                 D1616SOK   0x005246    program     static E:\3.46\pic18-lt\cxx-framework\src\traditional\math\fxd1616s.asm
                  D1616SX   0x00525c    program     static E:\3.46\pic18-lt\cxx-framework\src\traditional\math\fxd1616s.asm
                   D2424S   0x005290    program     static E:\3.46\pic18-lt\cxx-framework\src\traditional\math\fxd2424s.asm
                D2424SNEG   0x00529e    program     static E:\3.46\pic18-lt\cxx-framework\src\traditional\math\fxd2424s.asm
                 D2424SOK   0x00529a    program     static E:\3.46\pic18-lt\cxx-framework\src\traditional\math\fxd2424s.asm
                  D2424SX   0x0052b6    program     static E:\3.46\pic18-lt\cxx-framework\src\traditional\math\fxd2424s.asm
                  DA0808S   0x0051f2    program     static E:\3.46\pic18-lt\cxx-framework\src\traditional\math\fxd0808s.asm
                  DA1616S   0x00522c    program     static E:\3.46\pic18-lt\cxx-framework\src\traditional\math\fxd1616s.asm
                  DA2424S   0x00527c    program     static E:\3.46\pic18-lt\cxx-framework\src\traditional\math\fxd2424s.asm
                  Dec2BCD   0x004e20    program     extern D:\Downloads\Compressed\DO_AN_TKLL\i2c\i2c.c
             DisplayAlarm   0x0013a8    program     extern D:\Downloads\Compressed\DO_AN_TKLL\main.c
                DisplayCD   0x001b24    program     extern D:\Downloads\Compressed\DO_AN_TKLL\main.c
         DisplayLcdScreen   0x003f66    program     extern D:\Downloads\Compressed\DO_AN_TKLL\lcd\lcd.c
        DisplayLcdScreen2   0x003fd0    program     extern D:\Downloads\Compressed\DO_AN_TKLL\lcd\lcd.c
                DisplaySW   0x000786    program     extern D:\Downloads\Compressed\DO_AN_TKLL\main.c
              DisplayTime   0x000af6    program     extern D:\Downloads\Compressed\DO_AN_TKLL\main.c
                DisplayWT   0x0026ba    program     extern D:\Downloads\Compressed\DO_AN_TKLL\main.c
                 FXD0808S   0x0051e6    program     extern E:\3.46\pic18-lt\cxx-framework\src\traditional\math\fxd0808s.asm
                 FXD0808U   0x0056e8    program     extern E:\3.46\pic18-lt\cxx-framework\src\traditional\math\fxd0808u.c
                 FXD1616S   0x00521a    program     extern E:\3.46\pic18-lt\cxx-framework\src\traditional\math\fxd1616s.asm
                 FXD1616U   0x005640    program     extern E:\3.46\pic18-lt\cxx-framework\src\traditional\math\fxd1616u.c
                 FXD2424S   0x005266    program     extern E:\3.46\pic18-lt\cxx-framework\src\traditional\math\fxd2424s.asm
                 FXD2424U   0x005606    program     extern E:\3.46\pic18-lt\cxx-framework\src\traditional\math\fxd2424u.c
                 FXD3232U   0x0055be    program     extern E:\3.46\pic18-lt\cxx-framework\src\traditional\math\fxd3232u.c
                 FXM1616S   0x0052c0    program     extern E:\3.46\pic18-lt\cxx-framework\src\traditional\math\fxm1616s.asm
                  FXM3232   0x0054e8    program     extern E:\3.46\pic18-lt\cxx-framework\src\traditional\math\fxm3232.c
      InterruptVectorHigh   0x000008    program     extern D:\Downloads\Compressed\DO_AN_TKLL\interrupt\interrupt.c
       InterruptVectorLow   0x000018    program     extern D:\Downloads\Compressed\DO_AN_TKLL\interrupt\interrupt.c
             LcdClearRow0   0x003f1e    program     extern D:\Downloads\Compressed\DO_AN_TKLL\lcd\lcd.c
                LcdClearS   0x003ec0    program     extern D:\Downloads\Compressed\DO_AN_TKLL\lcd\lcd.c
            LcdPrintCharS   0x004056    program     extern D:\Downloads\Compressed\DO_AN_TKLL\lcd\lcd.c
              LcdPrintNum   0x003dac    program     extern D:\Downloads\Compressed\DO_AN_TKLL\lcd\lcd.c
             LcdPrintNumS   0x0040ac    program     extern D:\Downloads\Compressed\DO_AN_TKLL\lcd\lcd.c
           LcdPrintString   0x003df4    program     extern D:\Downloads\Compressed\DO_AN_TKLL\lcd\lcd.c
          LcdPrintStringS   0x00412e    program     extern D:\Downloads\Compressed\DO_AN_TKLL\lcd\lcd.c
                       SW   0x000760    program     extern D:\Downloads\Compressed\DO_AN_TKLL\main.c
               SelectMode   0x00033e    program     extern D:\Downloads\Compressed\DO_AN_TKLL\main.c
                 SetAlarm   0x0011e0    program     extern D:\Downloads\Compressed\DO_AN_TKLL\main.c
              SetCoundown   0x00192a    program     extern D:\Downloads\Compressed\DO_AN_TKLL\main.c
                  SetDate   0x001738    program     extern D:\Downloads\Compressed\DO_AN_TKLL\main.c
                   SetDay   0x0016d2    program     extern D:\Downloads\Compressed\DO_AN_TKLL\main.c
                  SetHour   0x0015ec    program     extern D:\Downloads\Compressed\DO_AN_TKLL\main.c
                SetMinute   0x001664    program     extern D:\Downloads\Compressed\DO_AN_TKLL\main.c
                 SetMonth   0x0017a2    program     extern D:\Downloads\Compressed\DO_AN_TKLL\main.c
                  SetTime   0x00114c    program     extern D:\Downloads\Compressed\DO_AN_TKLL\main.c
             SetTimer0_ms   0x004606    program     extern D:\Downloads\Compressed\DO_AN_TKLL\timer\timer.c
             SetTimer1_ms   0x00462a    program     extern D:\Downloads\Compressed\DO_AN_TKLL\timer\timer.c
             SetTimer3_ms   0x004668    program     extern D:\Downloads\Compressed\DO_AN_TKLL\timer\timer.c
                  SetYear   0x00180c    program     extern D:\Downloads\Compressed\DO_AN_TKLL\main.c
     SetupTimeForRealTime   0x0001ac    program     extern D:\Downloads\Compressed\DO_AN_TKLL\main.c
            SimulatorTime   0x0001cc    program     extern D:\Downloads\Compressed\DO_AN_TKLL\main.c
               StatusInit   0x000754    program     extern D:\Downloads\Compressed\DO_AN_TKLL\main.c
               TSIGN1616A   0x00530c    program     static E:\3.46\pic18-lt\cxx-framework\src\traditional\math\fxm1616s.asm
                 TimeMode   0x001ebe    program     extern D:\Downloads\Compressed\DO_AN_TKLL\main.c
                WorldTime   0x001f98    program     extern D:\Downloads\Compressed\DO_AN_TKLL\main.c
                   _2jEnd   0x0055a8    program     static E:\3.46\pic18-lt\cxx-framework\src\traditional\stdclib\slenpgm.asm
       ___return_lbl00000   0x000004    program     static                          
       ___return_lbl00000   0x005702    program     static                          
       ___return_lbl00000   0x00566a    program     static                          
       ___return_lbl00000   0x00563e    program     static                          
       ___return_lbl00000   0x005604    program     static                          
       ___return_lbl00000   0x005556    program     static                          
       ___return_lbl00001   0x0056ca    program     static                          
       ___return_lbl00002   0x005462    program     static                          
       ___return_lbl00002   0x00001c    program     static                          
       ___return_lbl00003   0x00000c    program     static                          
               __config_0   0x300001    program     static D:\Downloads\Compressed\DO_AN_TKLL\main.c
               __config_1   0x300002    program     static D:\Downloads\Compressed\DO_AN_TKLL\main.c
              __config_10   0x30000d    program     static D:\Downloads\Compressed\DO_AN_TKLL\main.c
               __config_2   0x300003    program     static D:\Downloads\Compressed\DO_AN_TKLL\main.c
               __config_3   0x300005    program     static D:\Downloads\Compressed\DO_AN_TKLL\main.c
               __config_4   0x300006    program     static D:\Downloads\Compressed\DO_AN_TKLL\main.c
               __config_5   0x300008    program     static D:\Downloads\Compressed\DO_AN_TKLL\main.c
               __config_6   0x300009    program     static D:\Downloads\Compressed\DO_AN_TKLL\main.c
               __config_7   0x30000a    program     static D:\Downloads\Compressed\DO_AN_TKLL\main.c
               __config_8   0x30000b    program     static D:\Downloads\Compressed\DO_AN_TKLL\main.c
               __config_9   0x30000c    program     static D:\Downloads\Compressed\DO_AN_TKLL\main.c
                   __init   0x00000e    program     extern E:\3.46\pic18-lt\cxx-framework\src\traditional\stdclib\__init.c
                   __pa_0   0x0033de    program     static E:\3.46\pic18-lt\cxx-framework\src\traditional\stdclib\vfprintf.c
                   __pa_1   0x0033e6    program     static E:\3.46\pic18-lt\cxx-framework\src\traditional\stdclib\vfprintf.c
                  __pa_10   0x00349a    program     static E:\3.46\pic18-lt\cxx-framework\src\traditional\stdclib\vfprintf.c
                  __pa_11   0x0034a8    program     static E:\3.46\pic18-lt\cxx-framework\src\traditional\stdclib\vfprintf.c
                  __pa_12   0x0034be    program     static E:\3.46\pic18-lt\cxx-framework\src\traditional\stdclib\vfprintf.c
                  __pa_13   0x0034d8    program     static E:\3.46\pic18-lt\cxx-framework\src\traditional\stdclib\vfprintf.c
                  __pa_14   0x0034f0    program     static E:\3.46\pic18-lt\cxx-framework\src\traditional\stdclib\vfprintf.c
                  __pa_15   0x003500    program     static E:\3.46\pic18-lt\cxx-framework\src\traditional\stdclib\vfprintf.c
                  __pa_16   0x003516    program     static E:\3.46\pic18-lt\cxx-framework\src\traditional\stdclib\vfprintf.c
                  __pa_17   0x003528    program     static E:\3.46\pic18-lt\cxx-framework\src\traditional\stdclib\vfprintf.c
                  __pa_18   0x00353a    program     static E:\3.46\pic18-lt\cxx-framework\src\traditional\stdclib\vfprintf.c
                  __pa_19   0x003544    program     static E:\3.46\pic18-lt\cxx-framework\src\traditional\stdclib\vfprintf.c
                   __pa_2   0x0033f0    program     static E:\3.46\pic18-lt\cxx-framework\src\traditional\stdclib\vfprintf.c
                  __pa_20   0x003554    program     static E:\3.46\pic18-lt\cxx-framework\src\traditional\stdclib\vfprintf.c
                  __pa_21   0x003564    program     static E:\3.46\pic18-lt\cxx-framework\src\traditional\stdclib\vfprintf.c
                  __pa_22   0x003574    program     static E:\3.46\pic18-lt\cxx-framework\src\traditional\stdclib\vfprintf.c
                  __pa_23   0x003580    program     static E:\3.46\pic18-lt\cxx-framework\src\traditional\stdclib\vfprintf.c
                  __pa_24   0x00358e    program     static E:\3.46\pic18-lt\cxx-framework\src\traditional\stdclib\vfprintf.c
                  __pa_25   0x003596    program     static E:\3.46\pic18-lt\cxx-framework\src\traditional\stdclib\vfprintf.c
                  __pa_26   0x0035a0    program     static E:\3.46\pic18-lt\cxx-framework\src\traditional\stdclib\vfprintf.c
                  __pa_27   0x0035aa    program     static E:\3.46\pic18-lt\cxx-framework\src\traditional\stdclib\vfprintf.c
                  __pa_28   0x0035b2    program     static E:\3.46\pic18-lt\cxx-framework\src\traditional\stdclib\vfprintf.c
                  __pa_29   0x0035c0    program     static E:\3.46\pic18-lt\cxx-framework\src\traditional\stdclib\vfprintf.c
                   __pa_3   0x0033fa    program     static E:\3.46\pic18-lt\cxx-framework\src\traditional\stdclib\vfprintf.c
                  __pa_30   0x0035dc    program     static E:\3.46\pic18-lt\cxx-framework\src\traditional\stdclib\vfprintf.c
                  __pa_31   0x0035f6    program     static E:\3.46\pic18-lt\cxx-framework\src\traditional\stdclib\vfprintf.c
                  __pa_32   0x003610    program     static E:\3.46\pic18-lt\cxx-framework\src\traditional\stdclib\vfprintf.c
                  __pa_33   0x003628    program     static E:\3.46\pic18-lt\cxx-framework\src\traditional\stdclib\vfprintf.c
                  __pa_34   0x003632    program     static E:\3.46\pic18-lt\cxx-framework\src\traditional\stdclib\vfprintf.c
                  __pa_35   0x003640    program     static E:\3.46\pic18-lt\cxx-framework\src\traditional\stdclib\vfprintf.c
                  __pa_36   0x003648    program     static E:\3.46\pic18-lt\cxx-framework\src\traditional\stdclib\vfprintf.c
                  __pa_37   0x003652    program     static E:\3.46\pic18-lt\cxx-framework\src\traditional\stdclib\vfprintf.c
                  __pa_38   0x003662    program     static E:\3.46\pic18-lt\cxx-framework\src\traditional\stdclib\vfprintf.c
                  __pa_39   0x003670    program     static E:\3.46\pic18-lt\cxx-framework\src\traditional\stdclib\vfprintf.c
                   __pa_4   0x003412    program     static E:\3.46\pic18-lt\cxx-framework\src\traditional\stdclib\vfprintf.c
                  __pa_40   0x00367c    program     static E:\3.46\pic18-lt\cxx-framework\src\traditional\stdclib\vfprintf.c
                  __pa_41   0x003688    program     static E:\3.46\pic18-lt\cxx-framework\src\traditional\stdclib\vfprintf.c
                  __pa_42   0x003690    program     static E:\3.46\pic18-lt\cxx-framework\src\traditional\stdclib\vfprintf.c
                  __pa_43   0x00369a    program     static E:\3.46\pic18-lt\cxx-framework\src\traditional\stdclib\vfprintf.c
                  __pa_44   0x0036a0    program     static E:\3.46\pic18-lt\cxx-framework\src\traditional\stdclib\vfprintf.c
                  __pa_45   0x0036aa    program     static E:\3.46\pic18-lt\cxx-framework\src\traditional\stdclib\vfprintf.c
                  __pa_46   0x0036b6    program     static E:\3.46\pic18-lt\cxx-framework\src\traditional\stdclib\vfprintf.c
                   __pa_5   0x003426    program     static E:\3.46\pic18-lt\cxx-framework\src\traditional\stdclib\vfprintf.c
                   __pa_6   0x003442    program     static E:\3.46\pic18-lt\cxx-framework\src\traditional\stdclib\vfprintf.c
                   __pa_7   0x00344c    program     static E:\3.46\pic18-lt\cxx-framework\src\traditional\stdclib\vfprintf.c
                   __pa_8   0x003458    program     static E:\3.46\pic18-lt\cxx-framework\src\traditional\stdclib\vfprintf.c
                   __pa_9   0x00347a    program     static E:\3.46\pic18-lt\cxx-framework\src\traditional\stdclib\vfprintf.c
               __string_0   0x004b3e    program     static D:\Downloads\Compressed\DO_AN_TKLL\lcd\lcd.c
               __string_0   0x004dd0    program     static D:\Downloads\Compressed\DO_AN_TKLL\main.c
               __string_1   0x004dbf    program     static D:\Downloads\Compressed\DO_AN_TKLL\main.c
              __string_10   0x004d53    program     static D:\Downloads\Compressed\DO_AN_TKLL\main.c
              __string_11   0x004d4f    program     static D:\Downloads\Compressed\DO_AN_TKLL\main.c
              __string_12   0x004d4b    program     static D:\Downloads\Compressed\DO_AN_TKLL\main.c
              __string_13   0x004d47    program     static D:\Downloads\Compressed\DO_AN_TKLL\main.c
              __string_14   0x004d43    program     static D:\Downloads\Compressed\DO_AN_TKLL\main.c
              __string_15   0x004d3f    program     static D:\Downloads\Compressed\DO_AN_TKLL\main.c
              __string_16   0x004d3b    program     static D:\Downloads\Compressed\DO_AN_TKLL\main.c
              __string_17   0x004d37    program     static D:\Downloads\Compressed\DO_AN_TKLL\main.c
              __string_18   0x004d35    program     static D:\Downloads\Compressed\DO_AN_TKLL\main.c
              __string_19   0x004d32    program     static D:\Downloads\Compressed\DO_AN_TKLL\main.c
               __string_2   0x004dbd    program     static D:\Downloads\Compressed\DO_AN_TKLL\main.c
              __string_20   0x004d2f    program     static D:\Downloads\Compressed\DO_AN_TKLL\main.c
              __string_21   0x004d2b    program     static D:\Downloads\Compressed\DO_AN_TKLL\main.c
              __string_22   0x004d27    program     static D:\Downloads\Compressed\DO_AN_TKLL\main.c
              __string_23   0x004d23    program     static D:\Downloads\Compressed\DO_AN_TKLL\main.c
              __string_24   0x004d1f    program     static D:\Downloads\Compressed\DO_AN_TKLL\main.c
              __string_25   0x004d1b    program     static D:\Downloads\Compressed\DO_AN_TKLL\main.c
              __string_26   0x004d17    program     static D:\Downloads\Compressed\DO_AN_TKLL\main.c
              __string_27   0x004d13    program     static D:\Downloads\Compressed\DO_AN_TKLL\main.c
              __string_28   0x004d0f    program     static D:\Downloads\Compressed\DO_AN_TKLL\main.c
              __string_29   0x004d0b    program     static D:\Downloads\Compressed\DO_AN_TKLL\main.c
               __string_3   0x004dab    program     static D:\Downloads\Compressed\DO_AN_TKLL\main.c
              __string_30   0x004d07    program     static D:\Downloads\Compressed\DO_AN_TKLL\main.c
              __string_31   0x004d03    program     static D:\Downloads\Compressed\DO_AN_TKLL\main.c
              __string_32   0x004cff    program     static D:\Downloads\Compressed\DO_AN_TKLL\main.c
              __string_33   0x004cfb    program     static D:\Downloads\Compressed\DO_AN_TKLL\main.c
              __string_34   0x004cf7    program     static D:\Downloads\Compressed\DO_AN_TKLL\main.c
              __string_35   0x004cf5    program     static D:\Downloads\Compressed\DO_AN_TKLL\main.c
              __string_36   0x004cf2    program     static D:\Downloads\Compressed\DO_AN_TKLL\main.c
              __string_37   0x004cee    program     static D:\Downloads\Compressed\DO_AN_TKLL\main.c
              __string_38   0x004cdd    program     static D:\Downloads\Compressed\DO_AN_TKLL\main.c
              __string_39   0x004cdb    program     static D:\Downloads\Compressed\DO_AN_TKLL\main.c
               __string_4   0x004d99    program     static D:\Downloads\Compressed\DO_AN_TKLL\main.c
              __string_40   0x004cd8    program     static D:\Downloads\Compressed\DO_AN_TKLL\main.c
              __string_41   0x004cd5    program     static D:\Downloads\Compressed\DO_AN_TKLL\main.c
              __string_42   0x004cd0    program     static D:\Downloads\Compressed\DO_AN_TKLL\main.c
              __string_43   0x004cc3    program     static D:\Downloads\Compressed\DO_AN_TKLL\main.c
              __string_44   0x004cbc    program     static D:\Downloads\Compressed\DO_AN_TKLL\main.c
              __string_45   0x004caa    program     static D:\Downloads\Compressed\DO_AN_TKLL\main.c
              __string_46   0x004ca4    program     static D:\Downloads\Compressed\DO_AN_TKLL\main.c
              __string_47   0x004c9e    program     static D:\Downloads\Compressed\DO_AN_TKLL\main.c
              __string_48   0x004c8f    program     static D:\Downloads\Compressed\DO_AN_TKLL\main.c
              __string_49   0x004c81    program     static D:\Downloads\Compressed\DO_AN_TKLL\main.c
               __string_5   0x004d88    program     static D:\Downloads\Compressed\DO_AN_TKLL\main.c
              __string_50   0x004c75    program     static D:\Downloads\Compressed\DO_AN_TKLL\main.c
              __string_51   0x004c69    program     static D:\Downloads\Compressed\DO_AN_TKLL\main.c
              __string_52   0x004c5f    program     static D:\Downloads\Compressed\DO_AN_TKLL\main.c
              __string_53   0x004c55    program     static D:\Downloads\Compressed\DO_AN_TKLL\main.c
              __string_54   0x004c48    program     static D:\Downloads\Compressed\DO_AN_TKLL\main.c
              __string_55   0x004c3d    program     static D:\Downloads\Compressed\DO_AN_TKLL\main.c
              __string_56   0x004c30    program     static D:\Downloads\Compressed\DO_AN_TKLL\main.c
              __string_57   0x004c25    program     static D:\Downloads\Compressed\DO_AN_TKLL\main.c
              __string_58   0x004c1b    program     static D:\Downloads\Compressed\DO_AN_TKLL\main.c
              __string_59   0x004c11    program     static D:\Downloads\Compressed\DO_AN_TKLL\main.c
               __string_6   0x004d77    program     static D:\Downloads\Compressed\DO_AN_TKLL\main.c
              __string_60   0x004c02    program     static D:\Downloads\Compressed\DO_AN_TKLL\main.c
              __string_61   0x004bf7    program     static D:\Downloads\Compressed\DO_AN_TKLL\main.c
              __string_62   0x004be8    program     static D:\Downloads\Compressed\DO_AN_TKLL\main.c
              __string_63   0x004bdd    program     static D:\Downloads\Compressed\DO_AN_TKLL\main.c
              __string_64   0x004bd4    program     static D:\Downloads\Compressed\DO_AN_TKLL\main.c
              __string_65   0x004bca    program     static D:\Downloads\Compressed\DO_AN_TKLL\main.c
              __string_66   0x004bbb    program     static D:\Downloads\Compressed\DO_AN_TKLL\main.c
              __string_67   0x004bb0    program     static D:\Downloads\Compressed\DO_AN_TKLL\main.c
              __string_68   0x004ba1    program     static D:\Downloads\Compressed\DO_AN_TKLL\main.c
              __string_69   0x004b96    program     static D:\Downloads\Compressed\DO_AN_TKLL\main.c
               __string_7   0x004d68    program     static D:\Downloads\Compressed\DO_AN_TKLL\main.c
              __string_70   0x004b87    program     static D:\Downloads\Compressed\DO_AN_TKLL\main.c
              __string_71   0x004b7a    program     static D:\Downloads\Compressed\DO_AN_TKLL\main.c
              __string_72   0x004b6a    program     static D:\Downloads\Compressed\DO_AN_TKLL\main.c
              __string_73   0x004b5e    program     static D:\Downloads\Compressed\DO_AN_TKLL\main.c
              __string_74   0x004b4e    program     static D:\Downloads\Compressed\DO_AN_TKLL\main.c
              __string_75   0x004b42    program     static D:\Downloads\Compressed\DO_AN_TKLL\main.c
               __string_8   0x004d5c    program     static D:\Downloads\Compressed\DO_AN_TKLL\main.c
               __string_9   0x004d57    program     static D:\Downloads\Compressed\DO_AN_TKLL\main.c
              __tmplbl_42   0x003574    program     static                          
              __tmplbl_43   0x0033bc    program     static                          
              __tmplbl_44   0x0033a2    program     static                          
              __tmplbl_85   0x002af4    program     static                          
            __zero_memory   0x005690    program     extern E:\3.46\pic18-lt\cxx-framework\src\traditional\proc\p18f4620.asm
                _do_cinit   0x0053c6    program     extern E:\3.46\pic18-lt\cxx-framework\src\traditional\startup\c018i.c
                   _entry   0x000000    program     extern E:\3.46\pic18-lt\cxx-framework\src\traditional\startup\c018i.c
                   _false   0x005600    program     static                          
                   _false   0x00563a    program     static                          
                 _startup   0x0056b0    program     extern E:\3.46\pic18-lt\cxx-framework\src\traditional\startup\c018i.c
              _usart_putc   0x0056cc    program     extern E:\3.46\pic18-lt\cxx-framework\src\pmc_common\USART\_usartpc.asm
               _user_putc   0x000006    program     extern E:\3.46\pic18-lt\cxx-framework\src\traditional\stdclib\_user_putc.c
          button_delay_ms   0x004990    program     extern D:\Downloads\Compressed\DO_AN_TKLL\button_matrix\button.c
                compare_l   0x0056a6    program     static E:\3.46\pic18-lt\cxx-framework\src\traditional\proc\p18f4620.asm
                copy_loop   0x005438    program     static                          
            copy_one_byte   0x00543e    program     static                          
                delay_i2c   0x004e7c    program     extern D:\Downloads\Compressed\DO_AN_TKLL\i2c\i2c.c
                 delay_ms   0x0000aa    program     extern D:\Downloads\Compressed\DO_AN_TKLL\main.c
                     done   0x005462    program     static                          
             done_copying   0x00544c    program     static                          
              enableBlink   0x0015da    program     extern D:\Downloads\Compressed\DO_AN_TKLL\main.c
                  endloop   0x0056fe    program     static                          
                  endloop   0x005666    program     static                          
                 high_isr   0x005116    program     extern D:\Downloads\Compressed\DO_AN_TKLL\interrupt\interrupt.c
            i2c_read_byte   0x004f34    program     extern D:\Downloads\Compressed\DO_AN_TKLL\i2c\i2c.c
           i2c_start_cond   0x004ea4    program     extern D:\Downloads\Compressed\DO_AN_TKLL\i2c\i2c.c
            i2c_stop_cond   0x004eb8    program     extern D:\Downloads\Compressed\DO_AN_TKLL\i2c\i2c.c
           i2c_write_byte   0x004ec4    program     extern D:\Downloads\Compressed\DO_AN_TKLL\i2c\i2c.c
            init_ext_int0   0x00502a    program     extern D:\Downloads\Compressed\DO_AN_TKLL\interrupt\interrupt.c
                 init_i2c   0x004e76    program     extern D:\Downloads\Compressed\DO_AN_TKLL\i2c\i2c.c
           init_interrupt   0x005022    program     extern D:\Downloads\Compressed\DO_AN_TKLL\interrupt\interrupt.c
          init_key_matrix   0x0046a6    program     extern D:\Downloads\Compressed\DO_AN_TKLL\button_matrix\button.c
                 init_lcd   0x00384c    program     extern D:\Downloads\Compressed\DO_AN_TKLL\lcd\lcd.c
              init_system   0x000132    program     extern D:\Downloads\Compressed\DO_AN_TKLL\main.c
              init_timer0   0x004184    program     extern D:\Downloads\Compressed\DO_AN_TKLL\timer\timer.c
              init_timer1   0x0042c8    program     extern D:\Downloads\Compressed\DO_AN_TKLL\timer\timer.c
              init_timer2   0x004412    program     extern D:\Downloads\Compressed\DO_AN_TKLL\timer\timer.c
              init_timer3   0x00444a    program     extern D:\Downloads\Compressed\DO_AN_TKLL\timer\timer.c
             isButtonMode   0x001556    program     extern D:\Downloads\Compressed\DO_AN_TKLL\main.c
         isButtonModeHold   0x001566    program     extern D:\Downloads\Compressed\DO_AN_TKLL\main.c
            isButtonReset   0x0015ca    program     extern D:\Downloads\Compressed\DO_AN_TKLL\main.c
              isButtonSet   0x0015a0    program     extern D:\Downloads\Compressed\DO_AN_TKLL\main.c
               isButtonUp   0x001576    program     extern D:\Downloads\Compressed\DO_AN_TKLL\main.c
                  isdigit   0x00566c    program     extern E:\3.46\pic18-lt\cxx-framework\src\traditional\stdclib\isdigit.asm
                     jEnd   0x0055aa    program     static E:\3.46\pic18-lt\cxx-framework\src\traditional\stdclib\slenpgm.asm
                     jEnd   0x005572    program     static E:\3.46\pic18-lt\cxx-framework\src\traditional\stdclib\strlen.asm
                    jLoop   0x005592    program     static E:\3.46\pic18-lt\cxx-framework\src\traditional\stdclib\slenpgm.asm
                    jLoop   0x005568    program     static E:\3.46\pic18-lt\cxx-framework\src\traditional\stdclib\strlen.asm
                   jMatch   0x00568c    program     static E:\3.46\pic18-lt\cxx-framework\src\traditional\stdclib\isdigit.asm
                 jNoMatch   0x00568e    program     static E:\3.46\pic18-lt\cxx-framework\src\traditional\stdclib\isdigit.asm
                lcd_clear   0x003d98    program     extern D:\Downloads\Compressed\DO_AN_TKLL\lcd\lcd.c
                lcd_delay   0x0036c0    program     extern D:\Downloads\Compressed\DO_AN_TKLL\lcd\lcd.c
             lcd_power_of   0x003a48    program     extern D:\Downloads\Compressed\DO_AN_TKLL\lcd\lcd.c
           lcd_print_char   0x0039ee    program     extern D:\Downloads\Compressed\DO_AN_TKLL\lcd\lcd.c
          lcd_print_charS   0x003e28    program     extern D:\Downloads\Compressed\DO_AN_TKLL\lcd\lcd.c
            lcd_print_num   0x003b2a    program     extern D:\Downloads\Compressed\DO_AN_TKLL\lcd\lcd.c
            lcd_print_str   0x003a08    program     extern D:\Downloads\Compressed\DO_AN_TKLL\lcd\lcd.c
        lcd_print_stringS   0x003e6e    program     extern D:\Downloads\Compressed\DO_AN_TKLL\lcd\lcd.c
         lcd_send_command   0x0037cc    program     extern D:\Downloads\Compressed\DO_AN_TKLL\lcd\lcd.c
           lcd_set_cursor   0x003d60    program     extern D:\Downloads\Compressed\DO_AN_TKLL\lcd\lcd.c
          lcd_write_4bits   0x00395e    program     extern D:\Downloads\Compressed\DO_AN_TKLL\lcd\lcd.c
            lcd_write_cmd   0x00398c    program     extern D:\Downloads\Compressed\DO_AN_TKLL\lcd\lcd.c
           lcd_write_data   0x0039bc    program     extern D:\Downloads\Compressed\DO_AN_TKLL\lcd\lcd.c
                     loop   0x005612    program     static                          
                     loop   0x0055cc    program     static                          
                     loop   0x0056c0    program     static                          
                     loop   0x0056f0    program     static                          
                     loop   0x0056dc    program     static E:\3.46\pic18-lt\cxx-framework\src\pmc_common\USART\_usartpc.asm
                     loop   0x00564a    program     static                          
                   loop_h   0x00569e    program     static E:\3.46\pic18-lt\cxx-framework\src\traditional\proc\p18f4620.asm
                   loop_l   0x0056a8    program     static E:\3.46\pic18-lt\cxx-framework\src\traditional\proc\p18f4620.asm
                  low_isr   0x005032    program     extern D:\Downloads\Compressed\DO_AN_TKLL\interrupt\interrupt.c
                     main   0x000068    program     extern D:\Downloads\Compressed\DO_AN_TKLL\main.c
                     putc   0x005464    program     extern E:\3.46\pic18-lt\cxx-framework\src\traditional\stdclib\putc.c
              read_ds1307   0x004fd8    program     extern D:\Downloads\Compressed\DO_AN_TKLL\i2c\i2c.c
             read_sda_pin   0x004e9e    program     extern D:\Downloads\Compressed\DO_AN_TKLL\i2c\i2c.c
                 s_digits   0x005704    program     static E:\3.46\pic18-lt\cxx-framework\src\traditional\stdclib\vfprintf.c
            s_put_n_chars   0x002a9e    program     static E:\3.46\pic18-lt\cxx-framework\src\traditional\stdclib\vfprintf.c
          scan_key_matrix   0x0046ae    program     extern D:\Downloads\Compressed\DO_AN_TKLL\button_matrix\button.c
     scan_key_matrix_demo   0x004a18    program     extern D:\Downloads\Compressed\DO_AN_TKLL\button_matrix\button.c
      scan_key_matrix_i2c   0x00480c    program     extern D:\Downloads\Compressed\DO_AN_TKLL\button_matrix\button.c
                  sprintf   0x00531a    program     extern E:\3.46\pic18-lt\cxx-framework\src\traditional\stdclib\sprintf.c
             start_timer0   0x00423c    program     extern D:\Downloads\Compressed\DO_AN_TKLL\timer\timer.c
             start_timer1   0x004382    program     extern D:\Downloads\Compressed\DO_AN_TKLL\timer\timer.c
             start_timer2   0x00443e    program     extern D:\Downloads\Compressed\DO_AN_TKLL\timer\timer.c
             start_timer3   0x004500    program     extern D:\Downloads\Compressed\DO_AN_TKLL\timer\timer.c
              stop_timer0   0x004238    program     extern D:\Downloads\Compressed\DO_AN_TKLL\timer\timer.c
              stop_timer1   0x00440e    program     extern D:\Downloads\Compressed\DO_AN_TKLL\timer\timer.c
              stop_timer2   0x004446    program     extern D:\Downloads\Compressed\DO_AN_TKLL\timer\timer.c
              stop_timer3   0x00458c    program     extern D:\Downloads\Compressed\DO_AN_TKLL\timer\timer.c
                   strlen   0x005558    program     extern E:\3.46\pic18-lt\cxx-framework\src\traditional\stdclib\strlen.asm
                strlenpgm   0x005574    program     extern E:\3.46\pic18-lt\cxx-framework\src\traditional\stdclib\slenpgm.asm
                     test   0x0053e0    program     static                          
               timer0_isr   0x004590    program     extern D:\Downloads\Compressed\DO_AN_TKLL\timer\timer.c
               timer1_isr   0x0045ac    program     extern D:\Downloads\Compressed\DO_AN_TKLL\timer\timer.c
               timer2_isr   0x0045ce    program     extern D:\Downloads\Compressed\DO_AN_TKLL\timer\timer.c
               timer3_isr   0x0045ea    program     extern D:\Downloads\Compressed\DO_AN_TKLL\timer\timer.c
                 v_timer0   0x00373c    program     extern D:\Downloads\Compressed\DO_AN_TKLL\lcd\lcd.c
                 vfprintf   0x002aca    program     extern E:\3.46\pic18-lt\cxx-framework\src\traditional\stdclib\vfprintf.c
             write_ds1307   0x004fa2    program     extern D:\Downloads\Compressed\DO_AN_TKLL\i2c\i2c.c
               zero_block   0x00569e    program     static E:\3.46\pic18-lt\cxx-framework\src\traditional\proc\p18f4620.asm
                   ADCON0   0x000fc2       data     extern E:\3.46\pic18-lt\cxx-framework\src\traditional\proc\p18f4620.asm
               ADCON0bits   0x000fc2       data     extern E:\3.46\pic18-lt\cxx-framework\src\traditional\proc\p18f4620.asm
                   ADCON1   0x000fc1       data     extern E:\3.46\pic18-lt\cxx-framework\src\traditional\proc\p18f4620.asm
               ADCON1bits   0x000fc1       data     extern E:\3.46\pic18-lt\cxx-framework\src\traditional\proc\p18f4620.asm
                   ADCON2   0x000fc0       data     extern E:\3.46\pic18-lt\cxx-framework\src\traditional\proc\p18f4620.asm
               ADCON2bits   0x000fc0       data     extern E:\3.46\pic18-lt\cxx-framework\src\traditional\proc\p18f4620.asm
                    ADRES   0x000fc3       data     extern E:\3.46\pic18-lt\cxx-framework\src\traditional\proc\p18f4620.asm
                   ADRESH   0x000fc4       data     extern E:\3.46\pic18-lt\cxx-framework\src\traditional\proc\p18f4620.asm
                   ADRESL   0x000fc3       data     extern E:\3.46\pic18-lt\cxx-framework\src\traditional\proc\p18f4620.asm
                  BAUDCON   0x000fb8       data     extern E:\3.46\pic18-lt\cxx-framework\src\traditional\proc\p18f4620.asm
              BAUDCONbits   0x000fb8       data     extern E:\3.46\pic18-lt\cxx-framework\src\traditional\proc\p18f4620.asm
                  BAUDCTL   0x000fb8       data     extern E:\3.46\pic18-lt\cxx-framework\src\traditional\proc\p18f4620.asm
              BAUDCTLbits   0x000fb8       data     extern E:\3.46\pic18-lt\cxx-framework\src\traditional\proc\p18f4620.asm
                      BSR   0x000fe0       data     extern E:\3.46\pic18-lt\cxx-framework\src\traditional\proc\p18f4620.asm
                  CCP1CON   0x000fbd       data     extern E:\3.46\pic18-lt\cxx-framework\src\traditional\proc\p18f4620.asm
              CCP1CONbits   0x000fbd       data     extern E:\3.46\pic18-lt\cxx-framework\src\traditional\proc\p18f4620.asm
                  CCP2CON   0x000fba       data     extern E:\3.46\pic18-lt\cxx-framework\src\traditional\proc\p18f4620.asm
              CCP2CONbits   0x000fba       data     extern E:\3.46\pic18-lt\cxx-framework\src\traditional\proc\p18f4620.asm
                    CCPR1   0x000fbe       data     extern E:\3.46\pic18-lt\cxx-framework\src\traditional\proc\p18f4620.asm
                   CCPR1H   0x000fbf       data     extern E:\3.46\pic18-lt\cxx-framework\src\traditional\proc\p18f4620.asm
                   CCPR1L   0x000fbe       data     extern E:\3.46\pic18-lt\cxx-framework\src\traditional\proc\p18f4620.asm
                    CCPR2   0x000fbb       data     extern E:\3.46\pic18-lt\cxx-framework\src\traditional\proc\p18f4620.asm
                   CCPR2H   0x000fbc       data     extern E:\3.46\pic18-lt\cxx-framework\src\traditional\proc\p18f4620.asm
                   CCPR2L   0x000fbb       data     extern E:\3.46\pic18-lt\cxx-framework\src\traditional\proc\p18f4620.asm
                   CD_Run   0x0000a7       data     extern D:\Downloads\Compressed\DO_AN_TKLL\main.c
                    CMCON   0x000fb4       data     extern E:\3.46\pic18-lt\cxx-framework\src\traditional\proc\p18f4620.asm
                CMCONbits   0x000fb4       data     extern E:\3.46\pic18-lt\cxx-framework\src\traditional\proc\p18f4620.asm
                   CVRCON   0x000fb5       data     extern E:\3.46\pic18-lt\cxx-framework\src\traditional\proc\p18f4620.asm
               CVRCONbits   0x000fb5       data     extern E:\3.46\pic18-lt\cxx-framework\src\traditional\proc\p18f4620.asm
                     DDRA   0x000f92       data     extern E:\3.46\pic18-lt\cxx-framework\src\traditional\proc\p18f4620.asm
                 DDRAbits   0x000f92       data     extern E:\3.46\pic18-lt\cxx-framework\src\traditional\proc\p18f4620.asm
                     DDRB   0x000f93       data     extern E:\3.46\pic18-lt\cxx-framework\src\traditional\proc\p18f4620.asm
                 DDRBbits   0x000f93       data     extern E:\3.46\pic18-lt\cxx-framework\src\traditional\proc\p18f4620.asm
                     DDRC   0x000f94       data     extern E:\3.46\pic18-lt\cxx-framework\src\traditional\proc\p18f4620.asm
                 DDRCbits   0x000f94       data     extern E:\3.46\pic18-lt\cxx-framework\src\traditional\proc\p18f4620.asm
                     DDRD   0x000f95       data     extern E:\3.46\pic18-lt\cxx-framework\src\traditional\proc\p18f4620.asm
                 DDRDbits   0x000f95       data     extern E:\3.46\pic18-lt\cxx-framework\src\traditional\proc\p18f4620.asm
                     DDRE   0x000f96       data     extern E:\3.46\pic18-lt\cxx-framework\src\traditional\proc\p18f4620.asm
                 DDREbits   0x000f96       data     extern E:\3.46\pic18-lt\cxx-framework\src\traditional\proc\p18f4620.asm
                  ECCP1AS   0x000fb6       data     extern E:\3.46\pic18-lt\cxx-framework\src\traditional\proc\p18f4620.asm
              ECCP1ASbits   0x000fb6       data     extern E:\3.46\pic18-lt\cxx-framework\src\traditional\proc\p18f4620.asm
                    EEADR   0x000fa9       data     extern E:\3.46\pic18-lt\cxx-framework\src\traditional\proc\p18f4620.asm
                   EEADRH   0x000faa       data     extern E:\3.46\pic18-lt\cxx-framework\src\traditional\proc\p18f4620.asm
                   EECON1   0x000fa6       data     extern E:\3.46\pic18-lt\cxx-framework\src\traditional\proc\p18f4620.asm
               EECON1bits   0x000fa6       data     extern E:\3.46\pic18-lt\cxx-framework\src\traditional\proc\p18f4620.asm
                   EECON2   0x000fa7       data     extern E:\3.46\pic18-lt\cxx-framework\src\traditional\proc\p18f4620.asm
                   EEDATA   0x000fa8       data     extern E:\3.46\pic18-lt\cxx-framework\src\traditional\proc\p18f4620.asm
                     FSR0   0x000fe9       data     extern E:\3.46\pic18-lt\cxx-framework\src\traditional\proc\p18f4620.asm
                    FSR0H   0x000fea       data     extern E:\3.46\pic18-lt\cxx-framework\src\traditional\proc\p18f4620.asm
                    FSR0L   0x000fe9       data     extern E:\3.46\pic18-lt\cxx-framework\src\traditional\proc\p18f4620.asm
                     FSR1   0x000fe1       data     extern E:\3.46\pic18-lt\cxx-framework\src\traditional\proc\p18f4620.asm
                    FSR1H   0x000fe2       data     extern E:\3.46\pic18-lt\cxx-framework\src\traditional\proc\p18f4620.asm
                    FSR1L   0x000fe1       data     extern E:\3.46\pic18-lt\cxx-framework\src\traditional\proc\p18f4620.asm
                     FSR2   0x000fd9       data     extern E:\3.46\pic18-lt\cxx-framework\src\traditional\proc\p18f4620.asm
                    FSR2H   0x000fda       data     extern E:\3.46\pic18-lt\cxx-framework\src\traditional\proc\p18f4620.asm
                    FSR2L   0x000fd9       data     extern E:\3.46\pic18-lt\cxx-framework\src\traditional\proc\p18f4620.asm
                  HLVDCON   0x000fd2       data     extern E:\3.46\pic18-lt\cxx-framework\src\traditional\proc\p18f4620.asm
              HLVDCONbits   0x000fd2       data     extern E:\3.46\pic18-lt\cxx-framework\src\traditional\proc\p18f4620.asm
                    INDF0   0x000fef       data     extern E:\3.46\pic18-lt\cxx-framework\src\traditional\proc\p18f4620.asm
                    INDF1   0x000fe7       data     extern E:\3.46\pic18-lt\cxx-framework\src\traditional\proc\p18f4620.asm
                    INDF2   0x000fdf       data     extern E:\3.46\pic18-lt\cxx-framework\src\traditional\proc\p18f4620.asm
                   INTCON   0x000ff2       data     extern E:\3.46\pic18-lt\cxx-framework\src\traditional\proc\p18f4620.asm
                  INTCON2   0x000ff1       data     extern E:\3.46\pic18-lt\cxx-framework\src\traditional\proc\p18f4620.asm
              INTCON2bits   0x000ff1       data     extern E:\3.46\pic18-lt\cxx-framework\src\traditional\proc\p18f4620.asm
                  INTCON3   0x000ff0       data     extern E:\3.46\pic18-lt\cxx-framework\src\traditional\proc\p18f4620.asm
              INTCON3bits   0x000ff0       data     extern E:\3.46\pic18-lt\cxx-framework\src\traditional\proc\p18f4620.asm
               INTCONbits   0x000ff2       data     extern E:\3.46\pic18-lt\cxx-framework\src\traditional\proc\p18f4620.asm
                     IPR1   0x000f9f       data     extern E:\3.46\pic18-lt\cxx-framework\src\traditional\proc\p18f4620.asm
                 IPR1bits   0x000f9f       data     extern E:\3.46\pic18-lt\cxx-framework\src\traditional\proc\p18f4620.asm
                     IPR2   0x000fa2       data     extern E:\3.46\pic18-lt\cxx-framework\src\traditional\proc\p18f4620.asm
                 IPR2bits   0x000fa2       data     extern E:\3.46\pic18-lt\cxx-framework\src\traditional\proc\p18f4620.asm
                     LATA   0x000f89       data     extern E:\3.46\pic18-lt\cxx-framework\src\traditional\proc\p18f4620.asm
                 LATAbits   0x000f89       data     extern E:\3.46\pic18-lt\cxx-framework\src\traditional\proc\p18f4620.asm
                     LATB   0x000f8a       data     extern E:\3.46\pic18-lt\cxx-framework\src\traditional\proc\p18f4620.asm
                 LATBbits   0x000f8a       data     extern E:\3.46\pic18-lt\cxx-framework\src\traditional\proc\p18f4620.asm
                     LATC   0x000f8b       data     extern E:\3.46\pic18-lt\cxx-framework\src\traditional\proc\p18f4620.asm
                 LATCbits   0x000f8b       data     extern E:\3.46\pic18-lt\cxx-framework\src\traditional\proc\p18f4620.asm
                     LATD   0x000f8c       data     extern E:\3.46\pic18-lt\cxx-framework\src\traditional\proc\p18f4620.asm
                 LATDbits   0x000f8c       data     extern E:\3.46\pic18-lt\cxx-framework\src\traditional\proc\p18f4620.asm
                     LATE   0x000f8d       data     extern E:\3.46\pic18-lt\cxx-framework\src\traditional\proc\p18f4620.asm
                 LATEbits   0x000f8d       data     extern E:\3.46\pic18-lt\cxx-framework\src\traditional\proc\p18f4620.asm
                   LVDCON   0x000fd2       data     extern E:\3.46\pic18-lt\cxx-framework\src\traditional\proc\p18f4620.asm
               LVDCONbits   0x000fd2       data     extern E:\3.46\pic18-lt\cxx-framework\src\traditional\proc\p18f4620.asm
                LcdScreen   0x000f01       data     extern D:\Downloads\Compressed\DO_AN_TKLL\lcd\lcd.c
                   OSCCON   0x000fd3       data     extern E:\3.46\pic18-lt\cxx-framework\src\traditional\proc\p18f4620.asm
               OSCCONbits   0x000fd3       data     extern E:\3.46\pic18-lt\cxx-framework\src\traditional\proc\p18f4620.asm
                  OSCTUNE   0x000f9b       data     extern E:\3.46\pic18-lt\cxx-framework\src\traditional\proc\p18f4620.asm
              OSCTUNEbits   0x000f9b       data     extern E:\3.46\pic18-lt\cxx-framework\src\traditional\proc\p18f4620.asm
                       PC   0x000ff9       data     extern E:\3.46\pic18-lt\cxx-framework\src\traditional\proc\p18f4620.asm
                      PCL   0x000ff9       data     extern E:\3.46\pic18-lt\cxx-framework\src\traditional\proc\p18f4620.asm
                   PCLATH   0x000ffa       data     extern E:\3.46\pic18-lt\cxx-framework\src\traditional\proc\p18f4620.asm
                   PCLATU   0x000ffb       data     extern E:\3.46\pic18-lt\cxx-framework\src\traditional\proc\p18f4620.asm
                     PIE1   0x000f9d       data     extern E:\3.46\pic18-lt\cxx-framework\src\traditional\proc\p18f4620.asm
                 PIE1bits   0x000f9d       data     extern E:\3.46\pic18-lt\cxx-framework\src\traditional\proc\p18f4620.asm
                     PIE2   0x000fa0       data     extern E:\3.46\pic18-lt\cxx-framework\src\traditional\proc\p18f4620.asm
                 PIE2bits   0x000fa0       data     extern E:\3.46\pic18-lt\cxx-framework\src\traditional\proc\p18f4620.asm
                     PIR1   0x000f9e       data     extern E:\3.46\pic18-lt\cxx-framework\src\traditional\proc\p18f4620.asm
                 PIR1bits   0x000f9e       data     extern E:\3.46\pic18-lt\cxx-framework\src\traditional\proc\p18f4620.asm
                     PIR2   0x000fa1       data     extern E:\3.46\pic18-lt\cxx-framework\src\traditional\proc\p18f4620.asm
                 PIR2bits   0x000fa1       data     extern E:\3.46\pic18-lt\cxx-framework\src\traditional\proc\p18f4620.asm
                   PLUSW0   0x000feb       data     extern E:\3.46\pic18-lt\cxx-framework\src\traditional\proc\p18f4620.asm
                   PLUSW1   0x000fe3       data     extern E:\3.46\pic18-lt\cxx-framework\src\traditional\proc\p18f4620.asm
                   PLUSW2   0x000fdb       data     extern E:\3.46\pic18-lt\cxx-framework\src\traditional\proc\p18f4620.asm
                    PORTA   0x000f80       data     extern E:\3.46\pic18-lt\cxx-framework\src\traditional\proc\p18f4620.asm
                PORTAbits   0x000f80       data     extern E:\3.46\pic18-lt\cxx-framework\src\traditional\proc\p18f4620.asm
                    PORTB   0x000f81       data     extern E:\3.46\pic18-lt\cxx-framework\src\traditional\proc\p18f4620.asm
                PORTBbits   0x000f81       data     extern E:\3.46\pic18-lt\cxx-framework\src\traditional\proc\p18f4620.asm
                    PORTC   0x000f82       data     extern E:\3.46\pic18-lt\cxx-framework\src\traditional\proc\p18f4620.asm
                PORTCbits   0x000f82       data     extern E:\3.46\pic18-lt\cxx-framework\src\traditional\proc\p18f4620.asm
                    PORTD   0x000f83       data     extern E:\3.46\pic18-lt\cxx-framework\src\traditional\proc\p18f4620.asm
                PORTDbits   0x000f83       data     extern E:\3.46\pic18-lt\cxx-framework\src\traditional\proc\p18f4620.asm
                    PORTE   0x000f84       data     extern E:\3.46\pic18-lt\cxx-framework\src\traditional\proc\p18f4620.asm
                PORTEbits   0x000f84       data     extern E:\3.46\pic18-lt\cxx-framework\src\traditional\proc\p18f4620.asm
                 POSTDEC0   0x000fed       data     extern E:\3.46\pic18-lt\cxx-framework\src\traditional\proc\p18f4620.asm
                 POSTDEC1   0x000fe5       data     extern E:\3.46\pic18-lt\cxx-framework\src\traditional\proc\p18f4620.asm
                 POSTDEC2   0x000fdd       data     extern E:\3.46\pic18-lt\cxx-framework\src\traditional\proc\p18f4620.asm
                 POSTINC0   0x000fee       data     extern E:\3.46\pic18-lt\cxx-framework\src\traditional\proc\p18f4620.asm
                 POSTINC1   0x000fe6       data     extern E:\3.46\pic18-lt\cxx-framework\src\traditional\proc\p18f4620.asm
                 POSTINC2   0x000fde       data     extern E:\3.46\pic18-lt\cxx-framework\src\traditional\proc\p18f4620.asm
                      PR2   0x000fcb       data     extern E:\3.46\pic18-lt\cxx-framework\src\traditional\proc\p18f4620.asm
                  PREINC0   0x000fec       data     extern E:\3.46\pic18-lt\cxx-framework\src\traditional\proc\p18f4620.asm
                  PREINC1   0x000fe4       data     extern E:\3.46\pic18-lt\cxx-framework\src\traditional\proc\p18f4620.asm
                  PREINC2   0x000fdc       data     extern E:\3.46\pic18-lt\cxx-framework\src\traditional\proc\p18f4620.asm
                     PROD   0x000ff3       data     extern E:\3.46\pic18-lt\cxx-framework\src\traditional\proc\p18f4620.asm
                    PRODH   0x000ff4       data     extern E:\3.46\pic18-lt\cxx-framework\src\traditional\proc\p18f4620.asm
                    PRODL   0x000ff3       data     extern E:\3.46\pic18-lt\cxx-framework\src\traditional\proc\p18f4620.asm
                  PWM1CON   0x000fb7       data     extern E:\3.46\pic18-lt\cxx-framework\src\traditional\proc\p18f4620.asm
              PWM1CONbits   0x000fb7       data     extern E:\3.46\pic18-lt\cxx-framework\src\traditional\proc\p18f4620.asm
                     RCON   0x000fd0       data     extern E:\3.46\pic18-lt\cxx-framework\src\traditional\proc\p18f4620.asm
                 RCONbits   0x000fd0       data     extern E:\3.46\pic18-lt\cxx-framework\src\traditional\proc\p18f4620.asm
                    RCREG   0x000fae       data     extern E:\3.46\pic18-lt\cxx-framework\src\traditional\proc\p18f4620.asm
                    RCSTA   0x000fab       data     extern E:\3.46\pic18-lt\cxx-framework\src\traditional\proc\p18f4620.asm
                RCSTAbits   0x000fab       data     extern E:\3.46\pic18-lt\cxx-framework\src\traditional\proc\p18f4620.asm
                     SIGN   0x000000       data     extern E:\3.46\pic18-lt\cxx-framework\src\traditional\math\cmath18.asm
                    SPBRG   0x000faf       data     extern E:\3.46\pic18-lt\cxx-framework\src\traditional\proc\p18f4620.asm
                   SPBRGH   0x000fb0       data     extern E:\3.46\pic18-lt\cxx-framework\src\traditional\proc\p18f4620.asm
                   SSPADD   0x000fc8       data     extern E:\3.46\pic18-lt\cxx-framework\src\traditional\proc\p18f4620.asm
                   SSPBUF   0x000fc9       data     extern E:\3.46\pic18-lt\cxx-framework\src\traditional\proc\p18f4620.asm
                  SSPCON1   0x000fc6       data     extern E:\3.46\pic18-lt\cxx-framework\src\traditional\proc\p18f4620.asm
              SSPCON1bits   0x000fc6       data     extern E:\3.46\pic18-lt\cxx-framework\src\traditional\proc\p18f4620.asm
                  SSPCON2   0x000fc5       data     extern E:\3.46\pic18-lt\cxx-framework\src\traditional\proc\p18f4620.asm
              SSPCON2bits   0x000fc5       data     extern E:\3.46\pic18-lt\cxx-framework\src\traditional\proc\p18f4620.asm
                  SSPSTAT   0x000fc7       data     extern E:\3.46\pic18-lt\cxx-framework\src\traditional\proc\p18f4620.asm
              SSPSTATbits   0x000fc7       data     extern E:\3.46\pic18-lt\cxx-framework\src\traditional\proc\p18f4620.asm
                   STATUS   0x000fd8       data     extern E:\3.46\pic18-lt\cxx-framework\src\traditional\proc\p18f4620.asm
               STATUSbits   0x000fd8       data     extern E:\3.46\pic18-lt\cxx-framework\src\traditional\proc\p18f4620.asm
                   STKPTR   0x000ffc       data     extern E:\3.46\pic18-lt\cxx-framework\src\traditional\proc\p18f4620.asm
               STKPTRbits   0x000ffc       data     extern E:\3.46\pic18-lt\cxx-framework\src\traditional\proc\p18f4620.asm
                    T0CON   0x000fd5       data     extern E:\3.46\pic18-lt\cxx-framework\src\traditional\proc\p18f4620.asm
                T0CONbits   0x000fd5       data     extern E:\3.46\pic18-lt\cxx-framework\src\traditional\proc\p18f4620.asm
                    T1CON   0x000fcd       data     extern E:\3.46\pic18-lt\cxx-framework\src\traditional\proc\p18f4620.asm
                T1CONbits   0x000fcd       data     extern E:\3.46\pic18-lt\cxx-framework\src\traditional\proc\p18f4620.asm
                    T2CON   0x000fca       data     extern E:\3.46\pic18-lt\cxx-framework\src\traditional\proc\p18f4620.asm
                T2CONbits   0x000fca       data     extern E:\3.46\pic18-lt\cxx-framework\src\traditional\proc\p18f4620.asm
                    T3CON   0x000fb1       data     extern E:\3.46\pic18-lt\cxx-framework\src\traditional\proc\p18f4620.asm
                T3CONbits   0x000fb1       data     extern E:\3.46\pic18-lt\cxx-framework\src\traditional\proc\p18f4620.asm
                   TABLAT   0x000ff5       data     extern E:\3.46\pic18-lt\cxx-framework\src\traditional\proc\p18f4620.asm
                   TBLPTR   0x000ff6       data     extern E:\3.46\pic18-lt\cxx-framework\src\traditional\proc\p18f4620.asm
                  TBLPTRH   0x000ff7       data     extern E:\3.46\pic18-lt\cxx-framework\src\traditional\proc\p18f4620.asm
                  TBLPTRL   0x000ff6       data     extern E:\3.46\pic18-lt\cxx-framework\src\traditional\proc\p18f4620.asm
                  TBLPTRU   0x000ff8       data     extern E:\3.46\pic18-lt\cxx-framework\src\traditional\proc\p18f4620.asm
                    TMR0H   0x000fd7       data     extern E:\3.46\pic18-lt\cxx-framework\src\traditional\proc\p18f4620.asm
                    TMR0L   0x000fd6       data     extern E:\3.46\pic18-lt\cxx-framework\src\traditional\proc\p18f4620.asm
                    TMR1H   0x000fcf       data     extern E:\3.46\pic18-lt\cxx-framework\src\traditional\proc\p18f4620.asm
                    TMR1L   0x000fce       data     extern E:\3.46\pic18-lt\cxx-framework\src\traditional\proc\p18f4620.asm
                     TMR2   0x000fcc       data     extern E:\3.46\pic18-lt\cxx-framework\src\traditional\proc\p18f4620.asm
                    TMR3H   0x000fb3       data     extern E:\3.46\pic18-lt\cxx-framework\src\traditional\proc\p18f4620.asm
                    TMR3L   0x000fb2       data     extern E:\3.46\pic18-lt\cxx-framework\src\traditional\proc\p18f4620.asm
                      TOS   0x000ffd       data     extern E:\3.46\pic18-lt\cxx-framework\src\traditional\proc\p18f4620.asm
                     TOSH   0x000ffe       data     extern E:\3.46\pic18-lt\cxx-framework\src\traditional\proc\p18f4620.asm
                     TOSL   0x000ffd       data     extern E:\3.46\pic18-lt\cxx-framework\src\traditional\proc\p18f4620.asm
                     TOSU   0x000fff       data     extern E:\3.46\pic18-lt\cxx-framework\src\traditional\proc\p18f4620.asm
                    TRISA   0x000f92       data     extern E:\3.46\pic18-lt\cxx-framework\src\traditional\proc\p18f4620.asm
                TRISAbits   0x000f92       data     extern E:\3.46\pic18-lt\cxx-framework\src\traditional\proc\p18f4620.asm
                    TRISB   0x000f93       data     extern E:\3.46\pic18-lt\cxx-framework\src\traditional\proc\p18f4620.asm
                TRISBbits   0x000f93       data     extern E:\3.46\pic18-lt\cxx-framework\src\traditional\proc\p18f4620.asm
                    TRISC   0x000f94       data     extern E:\3.46\pic18-lt\cxx-framework\src\traditional\proc\p18f4620.asm
                TRISCbits   0x000f94       data     extern E:\3.46\pic18-lt\cxx-framework\src\traditional\proc\p18f4620.asm
                    TRISD   0x000f95       data     extern E:\3.46\pic18-lt\cxx-framework\src\traditional\proc\p18f4620.asm
                TRISDbits   0x000f95       data     extern E:\3.46\pic18-lt\cxx-framework\src\traditional\proc\p18f4620.asm
                    TRISE   0x000f96       data     extern E:\3.46\pic18-lt\cxx-framework\src\traditional\proc\p18f4620.asm
                TRISEbits   0x000f96       data     extern E:\3.46\pic18-lt\cxx-framework\src\traditional\proc\p18f4620.asm
                    TXREG   0x000fad       data     extern E:\3.46\pic18-lt\cxx-framework\src\traditional\proc\p18f4620.asm
                    TXSTA   0x000fac       data     extern E:\3.46\pic18-lt\cxx-framework\src\traditional\proc\p18f4620.asm
                TXSTAbits   0x000fac       data     extern E:\3.46\pic18-lt\cxx-framework\src\traditional\proc\p18f4620.asm
                        W   0x000fe8       data     extern E:\3.46\pic18-lt\cxx-framework\src\traditional\proc\p18f4620.asm
                   WDTCON   0x000fd1       data     extern E:\3.46\pic18-lt\cxx-framework\src\traditional\proc\p18f4620.asm
               WDTCONbits   0x000fd1       data     extern E:\3.46\pic18-lt\cxx-framework\src\traditional\proc\p18f4620.asm
                     WREG   0x000fe8       data     extern E:\3.46\pic18-lt\cxx-framework\src\traditional\proc\p18f4620.asm
                 __AARGB0   0x000009       data     extern E:\3.46\pic18-lt\cxx-framework\src\traditional\math\aarg.asm
                 __AARGB1   0x000008       data     extern E:\3.46\pic18-lt\cxx-framework\src\traditional\math\aarg.asm
                 __AARGB2   0x000007       data     extern E:\3.46\pic18-lt\cxx-framework\src\traditional\math\aarg.asm
                 __AARGB3   0x000006       data     extern E:\3.46\pic18-lt\cxx-framework\src\traditional\math\aarg.asm
                 __AARGB4   0x000005       data     extern E:\3.46\pic18-lt\cxx-framework\src\traditional\math\aarg.asm
                 __AARGB5   0x000004       data     extern E:\3.46\pic18-lt\cxx-framework\src\traditional\math\aarg.asm
                 __AARGB6   0x000003       data     extern E:\3.46\pic18-lt\cxx-framework\src\traditional\math\aarg.asm
                 __AARGB7   0x000002       data     extern E:\3.46\pic18-lt\cxx-framework\src\traditional\math\aarg.asm
                   __AEXP   0x00000a       data     extern E:\3.46\pic18-lt\cxx-framework\src\traditional\math\aarg.asm
                 __BARGB0   0x00000e       data     extern E:\3.46\pic18-lt\cxx-framework\src\traditional\math\barg.asm
                 __BARGB1   0x00000d       data     extern E:\3.46\pic18-lt\cxx-framework\src\traditional\math\barg.asm
                 __BARGB2   0x00000c       data     extern E:\3.46\pic18-lt\cxx-framework\src\traditional\math\barg.asm
                 __BARGB3   0x00000b       data     extern E:\3.46\pic18-lt\cxx-framework\src\traditional\math\barg.asm
                   __BEXP   0x00000f       data     extern E:\3.46\pic18-lt\cxx-framework\src\traditional\math\barg.asm
                __FPFLAGS   0x000001       data     extern E:\3.46\pic18-lt\cxx-framework\src\traditional\math\cmath18.asm
            __FPFLAGSbits   0x000001       data     extern E:\3.46\pic18-lt\cxx-framework\src\traditional\math\cmath18.asm
                  __REMB0   0x000005       data     extern E:\3.46\pic18-lt\cxx-framework\src\traditional\math\aarg.asm
                  __REMB1   0x000004       data     extern E:\3.46\pic18-lt\cxx-framework\src\traditional\math\aarg.asm
                  __REMB2   0x000003       data     extern E:\3.46\pic18-lt\cxx-framework\src\traditional\math\aarg.asm
                  __REMB3   0x000002       data     extern E:\3.46\pic18-lt\cxx-framework\src\traditional\math\aarg.asm
                   __TEMP   0x000013       data     extern E:\3.46\pic18-lt\cxx-framework\src\traditional\math\temparg.asm
                 __TEMPB0   0x000013       data     extern E:\3.46\pic18-lt\cxx-framework\src\traditional\math\temparg.asm
                 __TEMPB1   0x000012       data     extern E:\3.46\pic18-lt\cxx-framework\src\traditional\math\temparg.asm
                 __TEMPB2   0x000011       data     extern E:\3.46\pic18-lt\cxx-framework\src\traditional\math\temparg.asm
                 __TEMPB3   0x000010       data     extern E:\3.46\pic18-lt\cxx-framework\src\traditional\math\temparg.asm
                  __tmp_0   0x000014       data     static E:\3.46\pic18-lt\cxx-framework\src\traditional\stdclib\sprintf.c
                  __tmp_0   0x000014       data     static E:\3.46\pic18-lt\cxx-framework\src\traditional\stdclib\vfprintf.c
                  __tmp_0   0x000014       data     static E:\3.46\pic18-lt\cxx-framework\src\traditional\stdclib\putc.c
                  __tmp_0   0x000014       data     static D:\Downloads\Compressed\DO_AN_TKLL\i2c\i2c.c
                  __tmp_0   0x000014       data     static D:\Downloads\Compressed\DO_AN_TKLL\timer\timer.c
                  __tmp_0   0x000014       data     static D:\Downloads\Compressed\DO_AN_TKLL\lcd\lcd.c
                  __tmp_0   0x000014       data     static D:\Downloads\Compressed\DO_AN_TKLL\button_matrix\button.c
                  __tmp_0   0x000014       data     static D:\Downloads\Compressed\DO_AN_TKLL\main.c
      arrayMaskInputOfKey   0x0000d0       data     extern D:\Downloads\Compressed\DO_AN_TKLL\button_matrix\button.c
     arrayMaskOutputOfKey   0x0000cc       data     extern D:\Downloads\Compressed\DO_AN_TKLL\button_matrix\button.c
                    bitAM   0x00009d       data     extern D:\Downloads\Compressed\DO_AN_TKLL\main.c
                 bitAlarm   0x000096       data     extern D:\Downloads\Compressed\DO_AN_TKLL\main.c
                    bitCD   0x00009b       data     extern D:\Downloads\Compressed\DO_AN_TKLL\main.c
                bitRepeat   0x000097       data     extern D:\Downloads\Compressed\DO_AN_TKLL\main.c
                bitSelect   0x00009c       data     extern D:\Downloads\Compressed\DO_AN_TKLL\main.c
              bitTimeMode   0x0000a8       data     extern D:\Downloads\Compressed\DO_AN_TKLL\main.c
                    bitWT   0x0000a9       data     extern D:\Downloads\Compressed\DO_AN_TKLL\main.c
                      cnt   0x000089       data     extern D:\Downloads\Compressed\DO_AN_TKLL\main.c
                     cnt0   0x0000fb       data     extern D:\Downloads\Compressed\DO_AN_TKLL\interrupt\interrupt.c
                     cnt1   0x0000fd       data     extern D:\Downloads\Compressed\DO_AN_TKLL\interrupt\interrupt.c
                   cnt_1s   0x000088       data     extern D:\Downloads\Compressed\DO_AN_TKLL\main.c
                curr_byte   0x000f24       data     static E:\3.46\pic18-lt\cxx-framework\src\traditional\startup\c018i.c
               curr_entry   0x000f26       data     static E:\3.46\pic18-lt\cxx-framework\src\traditional\startup\c018i.c
              current_col   0x0000f9       data     extern D:\Downloads\Compressed\DO_AN_TKLL\lcd\lcd.c
              current_row   0x0000f7       data     extern D:\Downloads\Compressed\DO_AN_TKLL\lcd\lcd.c
                 data_ptr   0x000f28       data     static E:\3.46\pic18-lt\cxx-framework\src\traditional\startup\c018i.c
                     date   0x000084       data     extern D:\Downloads\Compressed\DO_AN_TKLL\main.c
                      day   0x000083       data     extern D:\Downloads\Compressed\DO_AN_TKLL\main.c
                enableBT7   0x000087       data     extern D:\Downloads\Compressed\DO_AN_TKLL\main.c
              first_start   0x0000f6       data     extern D:\Downloads\Compressed\DO_AN_TKLL\timer\timer.c
                flagAlarm   0x0000a5       data     extern D:\Downloads\Compressed\DO_AN_TKLL\main.c
                   flagCD   0x0000a6       data     extern D:\Downloads\Compressed\DO_AN_TKLL\main.c
               flag_start   0x0000f5       data     extern D:\Downloads\Compressed\DO_AN_TKLL\timer\timer.c
              flag_timer0   0x0000dc       data     extern D:\Downloads\Compressed\DO_AN_TKLL\timer\timer.c
              flag_timer1   0x0000dd       data     extern D:\Downloads\Compressed\DO_AN_TKLL\timer\timer.c
              flag_timer2   0x0000de       data     extern D:\Downloads\Compressed\DO_AN_TKLL\timer\timer.c
              flag_timer3   0x0000df       data     extern D:\Downloads\Compressed\DO_AN_TKLL\timer\timer.c
                     hour   0x000082       data     extern D:\Downloads\Compressed\DO_AN_TKLL\main.c
                hourAlarm   0x000094       data     extern D:\Downloads\Compressed\DO_AN_TKLL\main.c
                   hourCD   0x000098       data     extern D:\Downloads\Compressed\DO_AN_TKLL\main.c
                isStarted   0x0000ff       data     extern D:\Downloads\Compressed\DO_AN_TKLL\i2c\i2c.c
                 key_code   0x0000ac       data     extern D:\Downloads\Compressed\DO_AN_TKLL\button_matrix\button.c
                  mil_sec   0x0000f4       data     extern D:\Downloads\Compressed\DO_AN_TKLL\timer\timer.c
                   minute   0x000081       data     extern D:\Downloads\Compressed\DO_AN_TKLL\main.c
              minuteAlarm   0x000095       data     extern D:\Downloads\Compressed\DO_AN_TKLL\main.c
                 minuteCD   0x000099       data     extern D:\Downloads\Compressed\DO_AN_TKLL\main.c
                    month   0x000085       data     extern D:\Downloads\Compressed\DO_AN_TKLL\main.c
              oldstatusWT   0x000092       data     extern D:\Downloads\Compressed\DO_AN_TKLL\main.c
                     prom   0x000f21       data     static E:\3.46\pic18-lt\cxx-framework\src\traditional\startup\c018i.c
                   second   0x000080       data     extern D:\Downloads\Compressed\DO_AN_TKLL\main.c
                 secondCD   0x00009a       data     extern D:\Downloads\Compressed\DO_AN_TKLL\main.c
              statusAlarm   0x00008d       data     extern D:\Downloads\Compressed\DO_AN_TKLL\main.c
                 statusCD   0x000090       data     extern D:\Downloads\Compressed\DO_AN_TKLL\main.c
                statusLCD   0x000f00       data     extern D:\Downloads\Compressed\DO_AN_TKLL\lcd\lcd.c
               statusMode   0x00008e       data     extern D:\Downloads\Compressed\DO_AN_TKLL\main.c
             statusSelect   0x00008a       data     extern D:\Downloads\Compressed\DO_AN_TKLL\main.c
           statusSetAlarm   0x00008c       data     extern D:\Downloads\Compressed\DO_AN_TKLL\main.c
       statusSetCountDown   0x00008f       data     extern D:\Downloads\Compressed\DO_AN_TKLL\main.c
            statusSetTime   0x00008b       data     extern D:\Downloads\Compressed\DO_AN_TKLL\main.c
                 statusWT   0x000091       data     extern D:\Downloads\Compressed\DO_AN_TKLL\main.c
                stop_hour   0x0000a0       data     extern D:\Downloads\Compressed\DO_AN_TKLL\main.c
                 stop_min   0x00009f       data     extern D:\Downloads\Compressed\DO_AN_TKLL\main.c
                 stop_sec   0x00009e       data     extern D:\Downloads\Compressed\DO_AN_TKLL\main.c
                time0_MUL   0x0000ec       data     extern D:\Downloads\Compressed\DO_AN_TKLL\timer\timer.c
                time1_MUL   0x0000ee       data     extern D:\Downloads\Compressed\DO_AN_TKLL\timer\timer.c
                time2_MUL   0x0000f0       data     extern D:\Downloads\Compressed\DO_AN_TKLL\timer\timer.c
                time3_MUL   0x0000f2       data     extern D:\Downloads\Compressed\DO_AN_TKLL\timer\timer.c
                timeAlarm   0x0000a1       data     extern D:\Downloads\Compressed\DO_AN_TKLL\main.c
                timeBlink   0x0000ab       data     static D:\Downloads\Compressed\DO_AN_TKLL\main.c
                timeBlink   0x0000aa       data     static D:\Downloads\Compressed\DO_AN_TKLL\main.c
                timeBlink   0x000093       data     extern D:\Downloads\Compressed\DO_AN_TKLL\main.c
                   timeCD   0x0000a3       data     extern D:\Downloads\Compressed\DO_AN_TKLL\main.c
               timer0_cnt   0x0000e4       data     extern D:\Downloads\Compressed\DO_AN_TKLL\timer\timer.c
             timer0_value   0x0000d4       data     extern D:\Downloads\Compressed\DO_AN_TKLL\timer\timer.c
               timer1_cnt   0x0000e6       data     extern D:\Downloads\Compressed\DO_AN_TKLL\timer\timer.c
             timer1_value   0x0000d6       data     extern D:\Downloads\Compressed\DO_AN_TKLL\timer\timer.c
               timer2_cnt   0x0000e8       data     extern D:\Downloads\Compressed\DO_AN_TKLL\timer\timer.c
             timer2_value   0x0000d8       data     extern D:\Downloads\Compressed\DO_AN_TKLL\timer\timer.c
               timer3_cnt   0x0000ea       data     extern D:\Downloads\Compressed\DO_AN_TKLL\timer\timer.c
             timer3_value   0x0000da       data     extern D:\Downloads\Compressed\DO_AN_TKLL\timer\timer.c
                   v_cnt0   0x0000e0       data     extern D:\Downloads\Compressed\DO_AN_TKLL\timer\timer.c
                   v_cnt1   0x0000e2       data     extern D:\Downloads\Compressed\DO_AN_TKLL\timer\timer.c
                     year   0x000086       data     extern D:\Downloads\Compressed\DO_AN_TKLL\main.c



                              Symbols - Sorted by Address
                     Name    Address   Location    Storage File                     
                ---------  ---------  ---------  --------- ---------                
                   _entry   0x000000    program     extern E:\3.46\pic18-lt\cxx-framework\src\traditional\startup\c018i.c
       ___return_lbl00000   0x000004    program     static                          
               _user_putc   0x000006    program     extern E:\3.46\pic18-lt\cxx-framework\src\traditional\stdclib\_user_putc.c
      InterruptVectorHigh   0x000008    program     extern D:\Downloads\Compressed\DO_AN_TKLL\interrupt\interrupt.c
       ___return_lbl00003   0x00000c    program     static                          
                   __init   0x00000e    program     extern E:\3.46\pic18-lt\cxx-framework\src\traditional\stdclib\__init.c
       InterruptVectorLow   0x000018    program     extern D:\Downloads\Compressed\DO_AN_TKLL\interrupt\interrupt.c
       ___return_lbl00002   0x00001c    program     static                          
                     main   0x000068    program     extern D:\Downloads\Compressed\DO_AN_TKLL\main.c
                 delay_ms   0x0000aa    program     extern D:\Downloads\Compressed\DO_AN_TKLL\main.c
              init_system   0x000132    program     extern D:\Downloads\Compressed\DO_AN_TKLL\main.c
     SetupTimeForRealTime   0x0001ac    program     extern D:\Downloads\Compressed\DO_AN_TKLL\main.c
            SimulatorTime   0x0001cc    program     extern D:\Downloads\Compressed\DO_AN_TKLL\main.c
               SelectMode   0x00033e    program     extern D:\Downloads\Compressed\DO_AN_TKLL\main.c
[...]
                 DDRBbits   0x000f93       data     extern E:\3.46\pic18-lt\cxx-framework\src\traditional\proc\p18f4620.asm
                    TRISB   0x000f93       data     extern E:\3.46\pic18-lt\cxx-framework\src\traditional\proc\p18f4620.asm
                TRISBbits   0x000f93       data     extern E:\3.46\pic18-lt\cxx-framework\src\traditional\proc\p18f4620.asm
                 DDRCbits   0x000f94       data     extern E:\3.46\pic18-lt\cxx-framework\src\traditional\proc\p18f4620.asm
                     DDRC   0x000f94       data     extern E:\3.46\pic18-lt\cxx-framework\src\traditional\proc\p18f4620.asm
                TRISCbits   0x000f94       data     extern E:\3.46\pic18-lt\cxx-framework\src\traditional\proc\p18f4620.asm
                    TRISC   0x000f94       data     extern E:\3.46\pic18-lt\cxx-framework\src\traditional\proc\p18f4620.asm
                TRISDbits   0x000f95       data     extern E:\3.46\pic18-lt\cxx-framework\src\traditional\proc\p18f4620.asm
                    TRISD   0x000f95       data     extern E:\3.46\pic18-lt\cxx-framework\src\traditional\proc\p18f4620.asm
                 DDRDbits   0x000f95       data     extern E:\3.46\pic18-lt\cxx-framework\src\traditional\proc\p18f4620.asm
                     DDRD   0x000f95       data     extern E:\3.46\pic18-lt\cxx-framework\src\traditional\proc\p18f4620.asm
                     DDRE   0x000f96       data     extern E:\3.46\pic18-lt\cxx-framework\src\traditional\proc\p18f4620.asm
                TRISEbits   0x000f96       data     extern E:\3.46\pic18-lt\cxx-framework\src\traditional\proc\p18f4620.asm
                    TRISE   0x000f96       data     extern E:\3.46\pic18-lt\cxx-framework\src\traditional\proc\p18f4620.asm
                 DDREbits   0x000f96       data     extern E:\3.46\pic18-lt\cxx-framework\src\traditional\proc\p18f4620.asm
                  OSCTUNE   0x000f9b       data     extern E:\3.46\pic18-lt\cxx-framework\src\traditional\proc\p18f4620.asm
              OSCTUNEbits   0x000f9b       data     extern E:\3.46\pic18-lt\cxx-framework\src\traditional\proc\p18f4620.asm
                     PIE1   0x000f9d       data     extern E:\3.46\pic18-lt\cxx-framework\src\traditional\proc\p18f4620.asm
                 PIE1bits   0x000f9d       data     extern E:\3.46\pic18-lt\cxx-framework\src\traditional\proc\p18f4620.asm
                 PIR1bits   0x000f9e       data     extern E:\3.46\pic18-lt\cxx-framework\src\traditional\proc\p18f4620.asm
                     PIR1   0x000f9e       data     extern E:\3.46\pic18-lt\cxx-framework\src\traditional\proc\p18f4620.asm
                     IPR1   0x000f9f       data     extern E:\3.46\pic18-lt\cxx-framework\src\traditional\proc\p18f4620.asm
                 IPR1bits   0x000f9f       data     extern E:\3.46\pic18-lt\cxx-framework\src\traditional\proc\p18f4620.asm
                 PIE2bits   0x000fa0       data     extern E:\3.46\pic18-lt\cxx-framework\src\traditional\proc\p18f4620.asm
                     PIE2   0x000fa0       data     extern E:\3.46\pic18-lt\cxx-framework\src\traditional\proc\p18f4620.asm
                 PIR2bits   0x000fa1       data     extern E:\3.46\pic18-lt\cxx-framework\src\traditional\proc\p18f4620.asm
                     PIR2   0x000fa1       data     extern E:\3.46\pic18-lt\cxx-framework\src\traditional\proc\p18f4620.asm
                     IPR2   0x000fa2       data     extern E:\3.46\pic18-lt\cxx-framework\src\traditional\proc\p18f4620.asm
                 IPR2bits   0x000fa2       data     extern E:\3.46\pic18-lt\cxx-framework\src\traditional\proc\p18f4620.asm
               EECON1bits   0x000fa6       data     extern E:\3.46\pic18-lt\cxx-framework\src\traditional\proc\p18f4620.asm
                   EECON1   0x000fa6       data     extern E:\3.46\pic18-lt\cxx-framework\src\traditional\proc\p18f4620.asm
                   EECON2   0x000fa7       data     extern E:\3.46\pic18-lt\cxx-framework\src\traditional\proc\p18f4620.asm
                   EEDATA   0x000fa8       data     extern E:\3.46\pic18-lt\cxx-framework\src\traditional\proc\p18f4620.asm
                    EEADR   0x000fa9       data     extern E:\3.46\pic18-lt\cxx-framework\src\traditional\proc\p18f4620.asm
                   EEADRH   0x000faa       data     extern E:\3.46\pic18-lt\cxx-framework\src\traditional\proc\p18f4620.asm
                    RCSTA   0x000fab       data     extern E:\3.46\pic18-lt\cxx-framework\src\traditional\proc\p18f4620.asm
                RCSTAbits   0x000fab       data     extern E:\3.46\pic18-lt\cxx-framework\src\traditional\proc\p18f4620.asm
                    TXSTA   0x000fac       data     extern E:\3.46\pic18-lt\cxx-framework\src\traditional\proc\p18f4620.asm
                TXSTAbits   0x000fac       data     extern E:\3.46\pic18-lt\cxx-framework\src\traditional\proc\p18f4620.asm
                    TXREG   0x000fad       data     extern E:\3.46\pic18-lt\cxx-framework\src\traditional\proc\p18f4620.asm
                    RCREG   0x000fae       data     extern E:\3.46\pic18-lt\cxx-framework\src\traditional\proc\p18f4620.asm
                    SPBRG   0x000faf       data     extern E:\3.46\pic18-lt\cxx-framework\src\traditional\proc\p18f4620.asm
                   SPBRGH   0x000fb0       data     extern E:\3.46\pic18-lt\cxx-framework\src\traditional\proc\p18f4620.asm
                T3CONbits   0x000fb1       data     extern E:\3.46\pic18-lt\cxx-framework\src\traditional\proc\p18f4620.asm
                    T3CON   0x000fb1       data     extern E:\3.46\pic18-lt\cxx-framework\src\traditional\proc\p18f4620.asm
                    TMR3L   0x000fb2       data     extern E:\3.46\pic18-lt\cxx-framework\src\traditional\proc\p18f4620.asm
                    TMR3H   0x000fb3       data     extern E:\3.46\pic18-lt\cxx-framework\src\traditional\proc\p18f4620.asm
                    CMCON   0x000fb4       data     extern E:\3.46\pic18-lt\cxx-framework\src\traditional\proc\p18f4620.asm
                CMCONbits   0x000fb4       data     extern E:\3.46\pic18-lt\cxx-framework\src\traditional\proc\p18f4620.asm
                   CVRCON   0x000fb5       data     extern E:\3.46\pic18-lt\cxx-framework\src\traditional\proc\p18f4620.asm
               CVRCONbits   0x000fb5       data     extern E:\3.46\pic18-lt\cxx-framework\src\traditional\proc\p18f4620.asm
              ECCP1ASbits   0x000fb6       data     extern E:\3.46\pic18-lt\cxx-framework\src\traditional\proc\p18f4620.asm
                  ECCP1AS   0x000fb6       data     extern E:\3.46\pic18-lt\cxx-framework\src\traditional\proc\p18f4620.asm
                  PWM1CON   0x000fb7       data     extern E:\3.46\pic18-lt\cxx-framework\src\traditional\proc\p18f4620.asm
              PWM1CONbits   0x000fb7       data     extern E:\3.46\pic18-lt\cxx-framework\src\traditional\proc\p18f4620.asm
                  BAUDCON   0x000fb8       data     extern E:\3.46\pic18-lt\cxx-framework\src\traditional\proc\p18f4620.asm
              BAUDCONbits   0x000fb8       data     extern E:\3.46\pic18-lt\cxx-framework\src\traditional\proc\p18f4620.asm
                  BAUDCTL   0x000fb8       data     extern E:\3.46\pic18-lt\cxx-framework\src\traditional\proc\p18f4620.asm
              BAUDCTLbits   0x000fb8       data     extern E:\3.46\pic18-lt\cxx-framework\src\traditional\proc\p18f4620.asm
                  CCP2CON   0x000fba       data     extern E:\3.46\pic18-lt\cxx-framework\src\traditional\proc\p18f4620.asm
              CCP2CONbits   0x000fba       data     extern E:\3.46\pic18-lt\cxx-framework\src\traditional\proc\p18f4620.asm
                    CCPR2   0x000fbb       data     extern E:\3.46\pic18-lt\cxx-framework\src\traditional\proc\p18f4620.asm
                   CCPR2L   0x000fbb       data     extern E:\3.46\pic18-lt\cxx-framework\src\traditional\proc\p18f4620.asm
                   CCPR2H   0x000fbc       data     extern E:\3.46\pic18-lt\cxx-framework\src\traditional\proc\p18f4620.asm
                  CCP1CON   0x000fbd       data     extern E:\3.46\pic18-lt\cxx-framework\src\traditional\proc\p18f4620.asm
              CCP1CONbits   0x000fbd       data     extern E:\3.46\pic18-lt\cxx-framework\src\traditional\proc\p18f4620.asm
                   CCPR1L   0x000fbe       data     extern E:\3.46\pic18-lt\cxx-framework\src\traditional\proc\p18f4620.asm
                    CCPR1   0x000fbe       data     extern E:\3.46\pic18-lt\cxx-framework\src\traditional\proc\p18f4620.asm
                   CCPR1H   0x000fbf       data     extern E:\3.46\pic18-lt\cxx-framework\src\traditional\proc\p18f4620.asm
               ADCON2bits   0x000fc0       data     extern E:\3.46\pic18-lt\cxx-framework\src\traditional\proc\p18f4620.asm
                   ADCON2   0x000fc0       data     extern E:\3.46\pic18-lt\cxx-framework\src\traditional\proc\p18f4620.asm
               ADCON1bits   0x000fc1       data     extern E:\3.46\pic18-lt\cxx-framework\src\traditional\proc\p18f4620.asm
                   ADCON1   0x000fc1       data     extern E:\3.46\pic18-lt\cxx-framework\src\traditional\proc\p18f4620.asm
                   ADCON0   0x000fc2       data     extern E:\3.46\pic18-lt\cxx-framework\src\traditional\proc\p18f4620.asm
               ADCON0bits   0x000fc2       data     extern E:\3.46\pic18-lt\cxx-framework\src\traditional\proc\p18f4620.asm
                    ADRES   0x000fc3       data     extern E:\3.46\pic18-lt\cxx-framework\src\traditional\proc\p18f4620.asm
                   ADRESL   0x000fc3       data     extern E:\3.46\pic18-lt\cxx-framework\src\traditional\proc\p18f4620.asm
                   ADRESH   0x000fc4       data     extern E:\3.46\pic18-lt\cxx-framework\src\traditional\proc\p18f4620.asm
                  SSPCON2   0x000fc5       data     extern E:\3.46\pic18-lt\cxx-framework\src\traditional\proc\p18f4620.asm
              SSPCON2bits   0x000fc5       data     extern E:\3.46\pic18-lt\cxx-framework\src\traditional\proc\p18f4620.asm
                  SSPCON1   0x000fc6       data     extern E:\3.46\pic18-lt\cxx-framework\src\traditional\proc\p18f4620.asm
              SSPCON1bits   0x000fc6       data     extern E:\3.46\pic18-lt\cxx-framework\src\traditional\proc\p18f4620.asm
                  SSPSTAT   0x000fc7       data     extern E:\3.46\pic18-lt\cxx-framework\src\traditional\proc\p18f4620.asm
              SSPSTATbits   0x000fc7       data     extern E:\3.46\pic18-lt\cxx-framework\src\traditional\proc\p18f4620.asm
                   SSPADD   0x000fc8       data     extern E:\3.46\pic18-lt\cxx-framework\src\traditional\proc\p18f4620.asm
                   SSPBUF   0x000fc9       data     extern E:\3.46\pic18-lt\cxx-framework\src\traditional\proc\p18f4620.asm
                    T2CON   0x000fca       data     extern E:\3.46\pic18-lt\cxx-framework\src\traditional\proc\p18f4620.asm
                T2CONbits   0x000fca       data     extern E:\3.46\pic18-lt\cxx-framework\src\traditional\proc\p18f4620.asm
                      PR2   0x000fcb       data     extern E:\3.46\pic18-lt\cxx-framework\src\traditional\proc\p18f4620.asm
                     TMR2   0x000fcc       data     extern E:\3.46\pic18-lt\cxx-framework\src\traditional\proc\p18f4620.asm
                T1CONbits   0x000fcd       data     extern E:\3.46\pic18-lt\cxx-framework\src\traditional\proc\p18f4620.asm
                    T1CON   0x000fcd       data     extern E:\3.46\pic18-lt\cxx-framework\src\traditional\proc\p18f4620.asm
                    TMR1L   0x000fce       data     extern E:\3.46\pic18-lt\cxx-framework\src\traditional\proc\p18f4620.asm
                    TMR1H   0x000fcf       data     extern E:\3.46\pic18-lt\cxx-framework\src\traditional\proc\p18f4620.asm
                     RCON   0x000fd0       data     extern E:\3.46\pic18-lt\cxx-framework\src\traditional\proc\p18f4620.asm
                 RCONbits   0x000fd0       data     extern E:\3.46\pic18-lt\cxx-framework\src\traditional\proc\p18f4620.asm
               WDTCONbits   0x000fd1       data     extern E:\3.46\pic18-lt\cxx-framework\src\traditional\proc\p18f4620.asm
                   WDTCON   0x000fd1       data     extern E:\3.46\pic18-lt\cxx-framework\src\traditional\proc\p18f4620.asm
               LVDCONbits   0x000fd2       data     extern E:\3.46\pic18-lt\cxx-framework\src\traditional\proc\p18f4620.asm
                   LVDCON   0x000fd2       data     extern E:\3.46\pic18-lt\cxx-framework\src\traditional\proc\p18f4620.asm
              HLVDCONbits   0x000fd2       data     extern E:\3.46\pic18-lt\cxx-framework\src\traditional\proc\p18f4620.asm
                  HLVDCON   0x000fd2       data     extern E:\3.46\pic18-lt\cxx-framework\src\traditional\proc\p18f4620.asm
               OSCCONbits   0x000fd3       data     extern E:\3.46\pic18-lt\cxx-framework\src\traditional\proc\p18f4620.asm
                   OSCCON   0x000fd3       data     extern E:\3.46\pic18-lt\cxx-framework\src\traditional\proc\p18f4620.asm
                T0CONbits   0x000fd5       data     extern E:\3.46\pic18-lt\cxx-framework\src\traditional\proc\p18f4620.asm
                    T0CON   0x000fd5       data     extern E:\3.46\pic18-lt\cxx-framework\src\traditional\proc\p18f4620.asm
                    TMR0L   0x000fd6       data     extern E:\3.46\pic18-lt\cxx-framework\src\traditional\proc\p18f4620.asm
                    TMR0H   0x000fd7       data     extern E:\3.46\pic18-lt\cxx-framework\src\traditional\proc\p18f4620.asm
                   STATUS   0x000fd8       data     extern E:\3.46\pic18-lt\cxx-framework\src\traditional\proc\p18f4620.asm
               STATUSbits   0x000fd8       data     extern E:\3.46\pic18-lt\cxx-framework\src\traditional\proc\p18f4620.asm
                     FSR2   0x000fd9       data     extern E:\3.46\pic18-lt\cxx-framework\src\traditional\proc\p18f4620.asm
                    FSR2L   0x000fd9       data     extern E:\3.46\pic18-lt\cxx-framework\src\traditional\proc\p18f4620.asm
                    FSR2H   0x000fda       data     extern E:\3.46\pic18-lt\cxx-framework\src\traditional\proc\p18f4620.asm
                   PLUSW2   0x000fdb       data     extern E:\3.46\pic18-lt\cxx-framework\src\traditional\proc\p18f4620.asm
                  PREINC2   0x000fdc       data     extern E:\3.46\pic18-lt\cxx-framework\src\traditional\proc\p18f4620.asm
                 POSTDEC2   0x000fdd       data     extern E:\3.46\pic18-lt\cxx-framework\src\traditional\proc\p18f4620.asm
                 POSTINC2   0x000fde       data     extern E:\3.46\pic18-lt\cxx-framework\src\traditional\proc\p18f4620.asm
                    INDF2   0x000fdf       data     extern E:\3.46\pic18-lt\cxx-framework\src\traditional\proc\p18f4620.asm
                      BSR   0x000fe0       data     extern E:\3.46\pic18-lt\cxx-framework\src\traditional\proc\p18f4620.asm
                     FSR1   0x000fe1       data     extern E:\3.46\pic18-lt\cxx-framework\src\traditional\proc\p18f4620.asm
                    FSR1L   0x000fe1       data     extern E:\3.46\pic18-lt\cxx-framework\src\traditional\proc\p18f4620.asm
                    FSR1H   0x000fe2       data     extern E:\3.46\pic18-lt\cxx-framework\src\traditional\proc\p18f4620.asm
                   PLUSW1   0x000fe3       data     extern E:\3.46\pic18-lt\cxx-framework\src\traditional\proc\p18f4620.asm
                  PREINC1   0x000fe4       data     extern E:\3.46\pic18-lt\cxx-framework\src\traditional\proc\p18f4620.asm
                 POSTDEC1   0x000fe5       data     extern E:\3.46\pic18-lt\cxx-framework\src\traditional\proc\p18f4620.asm
                 POSTINC1   0x000fe6       data     extern E:\3.46\pic18-lt\cxx-framework\src\traditional\proc\p18f4620.asm
                    INDF1   0x000fe7       data     extern E:\3.46\pic18-lt\cxx-framework\src\traditional\proc\p18f4620.asm
                        W   0x000fe8       data     extern E:\3.46\pic18-lt\cxx-framework\src\traditional\proc\p18f4620.asm
                     WREG   0x000fe8       data     extern E:\3.46\pic18-lt\cxx-framework\src\traditional\proc\p18f4620.asm
                    FSR0L   0x000fe9       data     extern E:\3.46\pic18-lt\cxx-framework\src\traditional\proc\p18f4620.asm
                     FSR0   0x000fe9       data     extern E:\3.46\pic18-lt\cxx-framework\src\traditional\proc\p18f4620.asm
                    FSR0H   0x000fea       data     extern E:\3.46\pic18-lt\cxx-framework\src\traditional\proc\p18f4620.asm
                   PLUSW0   0x000feb       data     extern E:\3.46\pic18-lt\cxx-framework\src\traditional\proc\p18f4620.asm
                  PREINC0   0x000fec       data     extern E:\3.46\pic18-lt\cxx-framework\src\traditional\proc\p18f4620.asm
                 POSTDEC0   0x000fed       data     extern E:\3.46\pic18-lt\cxx-framework\src\traditional\proc\p18f4620.asm
                 POSTINC0   0x000fee       data     extern E:\3.46\pic18-lt\cxx-framework\src\traditional\proc\p18f4620.asm
                    INDF0   0x000fef       data     extern E:\3.46\pic18-lt\cxx-framework\src\traditional\proc\p18f4620.asm
              INTCON3bits   0x000ff0       data     extern E:\3.46\pic18-lt\cxx-framework\src\traditional\proc\p18f4620.asm
                  INTCON3   0x000ff0       data     extern E:\3.46\pic18-lt\cxx-framework\src\traditional\proc\p18f4620.asm
                  INTCON2   0x000ff1       data     extern E:\3.46\pic18-lt\cxx-framework\src\traditional\proc\p18f4620.asm
              INTCON2bits   0x000ff1       data     extern E:\3.46\pic18-lt\cxx-framework\src\traditional\proc\p18f4620.asm
                   INTCON   0x000ff2       data     extern E:\3.46\pic18-lt\cxx-framework\src\traditional\proc\p18f4620.asm
               INTCONbits   0x000ff2       data     extern E:\3.46\pic18-lt\cxx-framework\src\traditional\proc\p18f4620.asm
                     PROD   0x000ff3       data     extern E:\3.46\pic18-lt\cxx-framework\src\traditional\proc\p18f4620.asm
                    PRODL   0x000ff3       data     extern E:\3.46\pic18-lt\cxx-framework\src\traditional\proc\p18f4620.asm
                    PRODH   0x000ff4       data     extern E:\3.46\pic18-lt\cxx-framework\src\traditional\proc\p18f4620.asm
                   TABLAT   0x000ff5       data     extern E:\3.46\pic18-lt\cxx-framework\src\traditional\proc\p18f4620.asm
                  TBLPTRL   0x000ff6       data     extern E:\3.46\pic18-lt\cxx-framework\src\traditional\proc\p18f4620.asm
                   TBLPTR   0x000ff6       data     extern E:\3.46\pic18-lt\cxx-framework\src\traditional\proc\p18f4620.asm
                  TBLPTRH   0x000ff7       data     extern E:\3.46\pic18-lt\cxx-framework\src\traditional\proc\p18f4620.asm
                  TBLPTRU   0x000ff8       data     extern E:\3.46\pic18-lt\cxx-framework\src\traditional\proc\p18f4620.asm
                       PC   0x000ff9       data     extern E:\3.46\pic18-lt\cxx-framework\src\traditional\proc\p18f4620.asm
                      PCL   0x000ff9       data     extern E:\3.46\pic18-lt\cxx-framework\src\traditional\proc\p18f4620.asm
                   PCLATH   0x000ffa       data     extern E:\3.46\pic18-lt\cxx-framework\src\traditional\proc\p18f4620.asm
                   PCLATU   0x000ffb       data     extern E:\3.46\pic18-lt\cxx-framework\src\traditional\proc\p18f4620.asm
                   STKPTR   0x000ffc       data     extern E:\3.46\pic18-lt\cxx-framework\src\traditional\proc\p18f4620.asm
               STKPTRbits   0x000ffc       data     extern E:\3.46\pic18-lt\cxx-framework\src\traditional\proc\p18f4620.asm
                      TOS   0x000ffd       data     extern E:\3.46\pic18-lt\cxx-framework\src\traditional\proc\p18f4620.asm
                     TOSL   0x000ffd       data     extern E:\3.46\pic18-lt\cxx-framework\src\traditional\proc\p18f4620.asm
                     TOSH   0x000ffe       data     extern E:\3.46\pic18-lt\cxx-framework\src\traditional\proc\p18f4620.asm
                     TOSU   0x000fff       data     extern E:\3.46\pic18-lt\cxx-framework\src\traditional\proc\p18f4620.asm


